#
# A fatal error has been detected by the Java Runtime Environment:
#
#  EXCEPTION_ACCESS_VIOLATION (0xc0000005) at pc=0x00007ffb020ef011, pid=21360, tid=2404
#
# JRE version: Java(TM) SE Runtime Environment (25.0.1+8) (build 25.0.1+8-LTS-27)
# Java VM: Java HotSpot(TM) 64-Bit Server VM (25.0.1+8-LTS-27, mixed mode, sharing, tiered, compressed oops, compressed class ptrs, g1 gc, windows-amd64)
# Problematic frame:
# C  [awt.dll+0xdf011]
#
# No core dump will be written. Minidumps are not enabled by default on client versions of Windows
#
# If you would like to submit a bug report, please visit:
#   https://bugreport.java.com/bugreport/crash.jsp
# The crash happened outside the Java Virtual Machine in native code.
# See problematic frame for where to report the bug.
#

---------------  S U M M A R Y ------------

Command Line: C:\Users\user\Desktop\auto_javarturs\auto_javarturs.jar

Host: 12th Gen Intel(R) Core(TM) i7-1255U, 12 cores, 15G,  Windows 11 , 64 bit Build 26100 (10.0.26100.6725)
Time: Tue Nov 18 12:24:25 2025 Hora est. Pacífico, Sudamérica elapsed time: 1645.952285 seconds (0d 0h 27m 25s)

---------------  T H R E A D  ---------------

Current thread (0x00000222612b74f0):  JavaThread "AWT-Windows" daemon [_thread_in_native, id=2404, stack(0x000000dd3cf00000,0x000000dd3d000000) (1024K)]

Stack: [0x000000dd3cf00000,0x000000dd3d000000],  sp=0x000000dd3cffea40,  free space=1018k
Native frames: (J=compiled Java code, j=interpreted, Vv=VM code, C=native code)
C  [awt.dll+0xdf011]  (no source info available)
C  [awt.dll+0x98b2c]  (no source info available)
C  [awt.dll+0x98bd6]  (no source info available)
C  [awt.dll+0x95f59]  (no source info available)
C  [awt.dll+0xe373b]  (no source info available)
C  [awt.dll+0xb2e4d]  (no source info available)
C  [awt.dll+0x99110]  (no source info available)
C  [USER32.dll+0x17846]  (no source info available)
C  [USER32.dll+0x1730c]  (no source info available)
C  [awt.dll+0x16613]  (no source info available)
C  [COMCTL32.dll+0x2cec8]  (no source info available)
C  [COMCTL32.dll+0x2cc9f]  (no source info available)
C  [USER32.dll+0x17846]  (no source info available)
C  [USER32.dll+0x1539d]  (no source info available)
C  [awt.dll+0xd839e]  (no source info available)
C  [awt.dll+0xda2c2]  (no source info available)
C  0x000002224ceed193  (no source info available)

The last pc belongs to native method entry point (kind = native) (printed below).
Java frames: (J=compiled Java code, j=interpreted, Vv=VM code)
j  sun.awt.windows.WToolkit.eventLoop()V+0 java.desktop@25.0.1
j  sun.awt.windows.WToolkit.run()V+56 java.desktop@25.0.1
j  java.lang.Thread.runWith(Ljava/lang/Object;Ljava/lang/Runnable;)V+5 java.base@25.0.1
j  java.lang.Thread.run()V+19 java.base@25.0.1
v  ~StubRoutines::call_stub 0x000002224cee12ed

siginfo: EXCEPTION_ACCESS_VIOLATION (0xc0000005), reading address 0x000000000000000e


Registers:
RAX=0x0000000000000006, RBX=0x000002225cab1db0, RCX=0x0000000000000000, RDX=0x0000000000000000
RSP=0x000000dd3cffea40, RBP=0x000000dd3cffeb59, RSI=0x0000000006011f73, RDI=0x0000000000000000
R8 =0x0000000000000001, R9 =0x000000dd3b476000, R10=0x0000000000000000, R11=0x0000000000000246
R12=0x0000000000000000, R13=0x0000000000000001, R14=0x00000222624fb930, R15=0x0000000000000000
RIP=0x00007ffb020ef011, EFLAGS=0x0000000000010246

XMM[0]=0x0000000000000000 0x0000000000000000
XMM[1]=0x0000000000000000 0x0000000000000000
XMM[2]=0x0000000000000000 0x0000000000000000
XMM[3]=0x0000000000000000 0x0000000000000000
XMM[4]=0x0000000000000000 0x0000000000000000
XMM[5]=0x0000000000000000 0x0000000000000000
XMM[6]=0x0000000000000000 0x0000000000000000
XMM[7]=0x0000000000000000 0x0000000000000000
XMM[8]=0x0000000000000000 0x0000000000000000
XMM[9]=0x0000000000000000 0x0000000000000000
XMM[10]=0x0000000000000000 0x0000000000000000
XMM[11]=0x0000000000000000 0x0000000000000000
XMM[12]=0x0000000000000000 0x0000000000000000
XMM[13]=0x0000000000000000 0x0000000000000000
XMM[14]=0x0000000000000000 0x0000000000000000
XMM[15]=0x0000000000000000 0x0000000000000000
  MXCSR=0x00001fa0


Register to memory mapping:

RAX=0x0000000000000006 is an unknown value
RBX=0x000002225cab1db0 points into unknown readable memory: 0x000002225cab66b0 | b0 66 ab 5c 22 02 00 00
RCX=0x0 is null
RDX=0x0 is null
RSP=0x000000dd3cffea40 is pointing into the stack for thread: 0x00000222612b74f0
RBP=0x000000dd3cffeb59 is pointing into the stack for thread: 0x00000222612b74f0
RSI=0x0000000006011f73 is an unknown value
RDI=0x0 is null
R8 =0x0000000000000001 is an unknown value
R9 =0x000000dd3b476000 points into unknown readable memory: 0x0000000000000000 | 00 00 00 00 00 00 00 00
R10=0x0 is null
R11=0x0000000000000246 is an unknown value
R12=0x0 is null
R13=0x0000000000000001 is an unknown value
R14=0x00000222624fb930 points into unknown readable memory: 0x00007ffb0211e8e0 | e0 e8 11 02 fb 7f 00 00
R15=0x0 is null

Top of Stack: (sp=0x000000dd3cffea40)
0x000000dd3cffea40:   00007ffb0214c838 0000000006011f73   8.......s.......
0x000000dd3cffea50:   00000222624fb930 00000222612b7938   0.Ob"...8y+a"...
0x000000dd3cffea60:   0000000000000000 00007ffb020a8b2c   ........,.......
0x000000dd3cffea70:   0000000006011f73 00000222624fb930   s.......0.Ob"...
0x000000dd3cffea80:   000002225cab1db0 00007ffb02026613   ...\"....f......
0x000000dd3cffea90:   00000222612b7938 00007ffb020a8bd6   8y+a"...........
0x000000dd3cffeaa0:   00000222624fb9d0 0000000000000001   ..Ob"...........
0x000000dd3cffeab0:   0000000000000000 000000dd3cffecb0   ...........<....
0x000000dd3cffeac0:   00000222612b7938 00007ffb020a5f59   8y+a"...Y_......
0x000000dd3cffead0:   00000222624fb9d0 000000dd3cffebb4   ..Ob"......<....
0x000000dd3cffeae0:   0000000000000000 00007ffaa4706a72   ........rjp.....
0x000000dd3cffeaf0:   00007ffb020a90b0 00007ffb517ba3ee   ..........{Q....
0x000000dd3cffeb00:   000002225c7c2b00 00007ffb51520be9   .+|\".....RQ....
0x000000dd3cffeb10:   000000dd00000310 0000000000000000   ................
0x000000dd3cffeb20:   000000dd3cffebb4 0000000000000000   ...<............
0x000000dd3cffeb30:   0000000000000000 0000000000000000   ................
0x000000dd3cffeb40:   00000222624fb9d0 00000222612b7938   ..Ob"...8y+a"...
0x000000dd3cffeb50:   0000000000000000 0000000000000000   ................
0x000000dd3cffeb60:   0000bea175dc935f 0000000000000000   _..u............
0x000000dd3cffeb70:   0000000000000000 0000000000000000   ................
0x000000dd3cffeb80:   0000000000000000 0000000000000000   ................
0x000000dd3cffeb90:   0000000000000000 0000000000000310   ................
0x000000dd3cffeba0:   0000000000000000 00000222624fb930   ........0.Ob"...
0x000000dd3cffebb0:   00000222624fb930 00007ffb020f373b   0.Ob"...;7......
0x000000dd3cffebc0:   0000000000000000 0000cce91a6581f2   ..........e.....
0x000000dd3cffebd0:   0000e12b9e05148f 0000000000000022   ....+...".......
0x000000dd3cffebe0:   000000000000c1f5 0000000000000000   ................
0x000000dd3cffebf0:   0000000000000000 00007ffb514f7a19   .........zOQ....
0x000000dd3cffec00:   0000000000000000 0000000000000001   ................
0x000000dd3cffec10:   0000000000000022 00007ffb517aa6af   ".........zQ....
0x000000dd3cffec20:   00000000000404a6 00007ffb514f8cfa   ..........OQ....
0x000000dd3cffec30:   ffffffffffffffeb 0000bea175dc924f   ........O..u....

Instructions: (pc=0x00007ffb020ef011)
  0x00007ffb020eef11:   83 ec 28 66 0f 6e c2 0f 5b c0 f3 0f 59 41 48 0f
  0x00007ffb020eef21:   5a c8 f2 0f 10 05 cd 3c 03 00 f2 0f 5c 0d 05 3d
  0x00007ffb020eef31:   01 00 66 0f 2f c1 76 0a b8 00 00 00 80 48 83 c4
  0x00007ffb020eef41:   28 c3 66 0f 2f 0d 75 86 02 00 76 0a b8 ff ff ff
  0x00007ffb020eef51:   7f 48 83 c4 28 c3 0f 28 c1 e8 5b 07 01 00 f2 0f
  0x00007ffb020eef61:   2c c0 48 83 c4 28 c3 cc cc cc cc cc cc cc cc 48
  0x00007ffb020eef71:   83 ec 28 66 0f 6e c2 0f 5b c0 f3 0f 59 41 4c 0f
  0x00007ffb020eef81:   5a c8 f2 0f 10 05 6d 3c 03 00 f2 0f 5c 0d a5 3c
  0x00007ffb020eef91:   01 00 66 0f 2f c1 76 0a b8 00 00 00 80 48 83 c4
  0x00007ffb020eefa1:   28 c3 66 0f 2f 0d 15 86 02 00 76 0a b8 ff ff ff
  0x00007ffb020eefb1:   7f 48 83 c4 28 c3 0f 28 c1 e8 fb 06 01 00 f2 0f
  0x00007ffb020eefc1:   2c c0 48 83 c4 28 c3 cc cc cc cc cc cc cc cc 48
  0x00007ffb020eefd1:   8b 49 08 48 85 c9 0f 85 63 78 fe ff 33 c0 c3 48
  0x00007ffb020eefe1:   89 5c 24 08 48 89 74 24 10 57 48 83 ec 20 8b fa
  0x00007ffb020eeff1:   48 8b f1 e8 b7 93 f4 ff 48 8b d8 48 89 44 24 40
  0x00007ffb020ef001:   41 b8 01 00 00 00 8b d7 48 8b c8 e8 0f 93 f4 ff
=>0x00007ffb020ef011:   48 8b 48 08 48 85 c9 74 0d 48 8b d6 e8 1e 78 fe
  0x00007ffb020ef021:   ff 48 8b f8 eb 02 33 ff 48 8b cb e8 3f 95 f4 ff
  0x00007ffb020ef031:   90 48 8b c7 48 8b 5c 24 30 48 8b 74 24 38 48 83
  0x00007ffb020ef041:   c4 20 5f c3 cc cc cc cc cc cc cc cc cc cc cc 48
  0x00007ffb020ef051:   8b 01 89 10 c3 cc cc cc cc cc cc cc cc cc cc 40
  0x00007ffb020ef061:   57 48 83 ec 40 48 83 79 38 00 48 8b f9 0f 84 b9
  0x00007ffb020ef071:   01 00 00 48 8b 0d 85 9e 06 00 ba 02 00 01 00 48
  0x00007ffb020ef081:   89 5c 24 58 48 89 74 24 68 e8 d0 ce 00 00 4c 8b
  0x00007ffb020ef091:   05 b2 a3 06 00 48 8b c8 48 8b 57 38 48 8b d8 4c
  0x00007ffb020ef0a1:   8b 08 4d 8b 91 f8 02 00 00 41 ff d2 48 8b f0 48
  0x00007ffb020ef0b1:   85 c0 0f 84 6a 01 00 00 48 8b 0b 48 8b d0 4c 8b
  0x00007ffb020ef0c1:   05 72 a3 06 00 4c 8b 89 00 01 00 00 48 8b cb 41
  0x00007ffb020ef0d1:   ff d1 84 c0 0f 84 48 01 00 00 48 8b 03 48 8b d6
  0x00007ffb020ef0e1:   48 8b 7f 08 48 8b cb 4c 8b 05 61 a3 06 00 48 81
  0x00007ffb020ef0f1:   c7 00 04 00 00 48 89 6c 24 60 4c 8b 88 f8 02 00
  0x00007ffb020ef101:   00 4c 89 64 24 38 41 ff d1 48 8b 0b 48 8b d6 4c


Stack slot to memory mapping:

stack at sp + 0 slots: 0x00007ffb0214c838 awt.dll
stack at sp + 1 slots: 0x0000000006011f73 is an unknown value
stack at sp + 2 slots: 0x00000222624fb930 points into unknown readable memory: 0x00007ffb0211e8e0 | e0 e8 11 02 fb 7f 00 00
stack at sp + 3 slots: 0x00000222612b7938 points into unknown readable memory: 0x00007ffaa4c46b50 | 50 6b c4 a4 fa 7f 00 00
stack at sp + 4 slots: 0x0 is null
stack at sp + 5 slots: 0x00007ffb020a8b2c awt.dll
stack at sp + 6 slots: 0x0000000006011f73 is an unknown value
stack at sp + 7 slots: 0x00000222624fb930 points into unknown readable memory: 0x00007ffb0211e8e0 | e0 e8 11 02 fb 7f 00 00

Lock stack of current Java thread (top to bottom):

native method entry point (kind = native)  [0x000002224ceecdc0, 0x000002224ceed8b8]  2808 bytes
[MachCode]
  0x000002224ceecdc0: 488b 4b08 | 0fb7 492e | 584c 8d74 | ccf8 6800 | 0000 0068 | 0000 0000 | 5055 488b | ec41 5548 
  0x000002224ceecde0: 8b43 084c | 8d68 3848 | 8b40 0868 | 0000 0000 | 5348 8b50 | 1848 8b52 | 7048 8b12 | 5248 8b53 
  0x000002224ceece00: 1048 85d2 | 7407 4881 | c2d0 0000 | 0052 488b | 5010 5249 | 8bc6 482b | c548 c1e8 | 0350 6800 
  0x000002224ceece20: 0000 0068 | f7ff ffff | 41c6 87f1 | 0400 0001 | 488b 4310 | 4885 c074 | 208b 8890 | 0000 0083 
  0x000002224ceece40: c102 8988 | 9000 0000 | 2388 a400 | 0000 0f84 | b209 0000 | e9cf 0000 | 0048 8b43 | 1848 85c0 
  0x000002224ceece60: 0f85 b000 | 0000 e805 | 0000 00e9 | 9900 0000 | 488b d348 | 8d44 2408 | 4c89 6dc0 | 498b cfc5 
  0x000002224ceece80: f877 4989 | af38 0400 | 0049 8987 | 2804 0000 | 4883 ec20 | 40f6 c40f | 0f84 1900 | 0000 4883 
  0x000002224ceecea0: ec08 48b8 | 401f 3da4 | fa7f 0000 | ffd0 4883 | c408 e90c | 0000 0048 | b840 1f3d | a4fa 7f00 
  0x000002224ceecec0: 00ff d048 | 83c4 2049 | c787 2804 | 0000 0000 | 0000 49c7 | 8738 0400 | 0000 0000 | 0049 c787 
  0x000002224ceecee0: 3004 0000 | 0000 0000 | c5f8 7749 | 837f 0800 | 0f84 0500 | 0000 e9e5 | 42ff ff4c | 8b6d c04c 
  0x000002224ceecf00: 8b75 c84e | 8d74 f500 | c348 8b43 | 1848 85c0 | 0f84 1200 | 0000 8b48 | 0883 c102 | 8948 0823 
  0x000002224ceecf20: 482c 0f84 | de08 0000 | 493b a770 | 0500 000f | 8748 0000 | 0089 8424 | 00f0 ffff | 8984 2400 
  0x000002224ceecf40: e0ff ff89 | 8424 00d0 | ffff 8984 | 2400 c0ff | ff89 8424 | 00b0 ffff | 8984 2400 | a0ff ff89 
  0x000002224ceecf60: 8424 0090 | ffff 8984 | 2400 80ff | ff49 3ba7 | 6805 0000 | 7607 4989 | a770 0500 | 0041 c687 
  0x000002224ceecf80: f104 0000 | 0048 8b5d | e84c 8b5b | 0845 0fb7 | 5b2e 41c1 | e303 492b | e348 83ec | 2048 83e4 
  0x000002224ceecfa0: f04c 8b5b | 604d 85db | 0f85 ab00 | 0000 e805 | 0000 00e9 | 9900 0000 | 488b d348 | 8d44 2408 
  0x000002224ceecfc0: 4c89 6dc0 | 498b cfc5 | f877 4989 | af38 0400 | 0049 8987 | 2804 0000 | 4883 ec20 | 40f6 c40f 
  0x000002224ceecfe0: 0f84 1900 | 0000 4883 | ec08 48b8 | 7048 3da4 | fa7f 0000 | ffd0 4883 | c408 e90c | 0000 0048 
  0x000002224ceed000: b870 483d | a4fa 7f00 | 00ff d048 | 83c4 2049 | c787 2804 | 0000 0000 | 0000 49c7 | 8738 0400 
  0x000002224ceed020: 0000 0000 | 0049 c787 | 3004 0000 | 0000 0000 | c5f8 7749 | 837f 0800 | 0f84 0500 | 0000 e99d 
  0x000002224ceed040: 41ff ff4c | 8b6d c04c | 8b75 c84e | 8d74 f500 | c348 8b5d | e84c 8b5b | 6041 ffd3 | 488b 5de8 
  0x000002224ceed060: 4889 4518 | 440f b75b | 2c41 f6c3 | 080f 841b | 0000 004c | 8b5b 084d | 8b5b 084d | 8b5b 184d 
  0x000002224ceed080: 8b5b 704d | 8b1b 4c89 | 5d10 488d | 5510 488b | 4358 49ba | a00f 78a4 | fa7f 0000 | 493b c20f 
  0x000002224ceed0a0: 85ab 0000 | 00e8 0500 | 0000 e999 | 0000 0048 | 8bd3 488d | 4424 084c | 896d c049 | 8bcf c5f8 
  0x000002224ceed0c0: 7749 89af | 3804 0000 | 4989 8728 | 0400 0048 | 83ec 2040 | f6c4 0f0f | 8419 0000 | 0048 83ec 
  0x000002224ceed0e0: 0848 b870 | 483d a4fa | 7f00 00ff | d048 83c4 | 08e9 0c00 | 0000 48b8 | 7048 3da4 | fa7f 0000 
  0x000002224ceed100: ffd0 4883 | c420 49c7 | 8728 0400 | 0000 0000 | 0049 c787 | 3804 0000 | 0000 0000 | 49c7 8730 
  0x000002224ceed120: 0400 0000 | 0000 00c5 | f877 4983 | 7f08 000f | 8405 0000 | 00e9 a640 | ffff 4c8b | 6dc0 4c8b 
  0x000002224ceed140: 75c8 4e8d | 74f5 00c3 | 488b 5de8 | 488b 4358 | 498d 8f48 | 0400 004c | 8d15 d500 | 0000 4d89 
  0x000002224ceed160: 9730 0400 | 00c5 f877 | 4989 af38 | 0400 0049 | 89a7 2804 | 0000 41c7 | 87d4 0400 | 0004 0000 
  0x000002224ceed180: 0049 3ba7 | c805 0000 | 7607 4989 | a7c8 0500 | 00ff d049 | 3ba7 c805 | 0000 720b | 49c7 87c8 
  0x000002224ceed1a0: 0500 0000 | 0000 00c5 | f877 4883 | ec10 c5fb | 1104 2448 | 83ec 1048 | 8904 2448 | c744 2408 
  0x000002224ceed1c0: 0000 0000 | 41c7 87d4 | 0400 0005 | 0000 00f0 | 8344 24c0 | 0049 3b6f | 280f 870e | 0000 0041 
  0x000002224ceed1e0: 83bf d004 | 0000 000f | 8420 0000 | 0049 8bcf | 4c8b e448 | 83ec 2048 | 83e4 f048 | b8a0 ac3e 
  0x000002224ceed200: a4fa 7f00 | 00ff d049 | 8be4 4d33 | e441 c787 | d404 0000 | 0800 0000 | 4d8b 97f0 | 0500 0049 
  0x000002224ceed220: 83fa 0074 | 3549 c787 | f005 0000 | 0000 0000 | 41ff e249 | ba60 beee | 4c22 0200 | 0041 ffd2 
  0x000002224ceed240: 4883 ec10 | c5fb 1104 | 2448 83ec | 1048 8904 | 2448 c744 | 2408 0000 | 0000 49c7 | 8728 0400 
  0x000002224ceed260: 0000 0000 | 0049 c787 | 3804 0000 | 0000 0000 | 49c7 8730 | 0400 0000 | 0000 00c5 | f877 4d8b 
  0x000002224ceed280: 9fb8 0400 | 0041 c783 | 0001 0000 | 0000 0000 | 49bb 5aa7 | ee4c 2202 | 0000 4c3b | 5d18 0f85 
  0x000002224ceed2a0: 5501 0000 | 488b 0424 | 4883 c410 | 4885 c00f | 842f 0100 | 00a8 030f | 8508 0000 | 0048 8b00 
  0x000002224ceed2c0: e91f 0100 | 00a8 010f | 8509 0000 | 0048 8b40 | fee9 0e01 | 0000 488b | 40ff 4180 | 7f48 000f 
  0x000002224ceed2e0: 84ff 0000 | 0048 83f8 | 000f 84f5 | 0000 004d | 8b5f 384d | 85db 0f84 | 1400 0000 | 4983 eb08 
  0x000002224ceed300: 4d89 5f38 | 4d03 5f40 | 4989 03e9 | d400 0000 | 4883 ec70 | 4889 0424 | 4889 4c24 | 0848 8954 
  0x000002224ceed320: 2410 4c89 | 4424 184c | 894c 2420 | 4c89 5424 | 284c 895c | 2430 c5fb | 1144 2440 | c5fb 114c 
  0x000002224ceed340: 2448 c5fb | 1154 2450 | c5fb 115c | 2458 c5fb | 1164 2460 | c5fb 116c | 2468 498b | d748 8bc8 
  0x000002224ceed360: 4883 ec20 | 40f6 c40f | 0f84 1900 | 0000 4883 | ec08 48b8 | 2076 31a4 | fa7f 0000 | ffd0 4883 
  0x000002224ceed380: c408 e90c | 0000 0048 | b820 7631 | a4fa 7f00 | 00ff d048 | 83c4 20c5 | fb10 6c24 | 68c5 fb10 
  0x000002224ceed3a0: 6424 60c5 | fb10 5c24 | 58c5 fb10 | 5424 50c5 | fb10 4c24 | 48c5 fb10 | 4424 404c | 8b5c 2430 
  0x000002224ceed3c0: 4c8b 5424 | 284c 8b4c | 2420 4c8b | 4424 1848 | 8b54 2410 | 488b 4c24 | 0848 8b04 | 2448 83c4 
  0x000002224ceed3e0: 70c5 f877 | 4889 4510 | 4883 ec10 | 4889 0424 | 48c7 4424 | 0800 0000 | 0041 83bf | 5005 0000 
  0x000002224ceed400: 020f 85bf | 0000 0048 | 81ec 8000 | 0000 4889 | 4424 7848 | 894c 2470 | 4889 5424 | 6848 895c 
  0x000002224ceed420: 2460 4889 | 6c24 5048 | 8974 2448 | 4889 7c24 | 404c 8944 | 2438 4c89 | 4c24 304c | 8954 2428 
  0x000002224ceed440: 4c89 5c24 | 204c 8964 | 2418 4c89 | 6c24 104c | 8974 2408 | 4c89 3c24 | 4c8b e448 | 83ec 2048 
  0x000002224ceed460: 83e4 f048 | b810 f777 | a4fa 7f00 | 00ff d049 | 8be4 4c8b | 3c24 4c8b | 7424 084c | 8b6c 2410 
  0x000002224ceed480: 4c8b 6424 | 184c 8b5c | 2420 4c8b | 5424 284c | 8b4c 2430 | 4c8b 4424 | 3848 8b7c | 2440 488b 
  0x000002224ceed4a0: 7424 4848 | 8b6c 2450 | 488b 5c24 | 6048 8b54 | 2468 488b | 4c24 7048 | 8b44 2478 | 4881 c480 
  0x000002224ceed4c0: 0000 004d | 33e4 488b | 5de8 4c8b | 6b08 4d8d | 6d38 4983 | 7f08 000f | 84bb 0000 | 00e8 0500 
  0x000002224ceed4e0: 0000 e996 | 0000 0048 | 8d44 2408 | 4c89 6dc0 | 498b cfc5 | f877 4989 | af38 0400 | 0049 8987 
  0x000002224ceed500: 2804 0000 | 4883 ec20 | 40f6 c40f | 0f84 1900 | 0000 4883 | ec08 48b8 | b066 3da4 | fa7f 0000 
  0x000002224ceed520: ffd0 4883 | c408 e90c | 0000 0048 | b8b0 663d | a4fa 7f00 | 00ff d048 | 83c4 2049 | c787 2804 
  0x000002224ceed540: 0000 0000 | 0000 49c7 | 8738 0400 | 0000 0000 | 0049 c787 | 3004 0000 | 0000 0000 | c5f8 7749 
  0x000002224ceed560: 837f 0800 | 0f84 0500 | 0000 e971 | 3cff ff4c | 8b6d c04c | 8b75 c84e | 8d74 f500 | c348 b948 
  0x000002224ceed580: 08a1 a4fa | 7f00 0048 | 83e4 f048 | b800 8d64 | a4fa 7f00 | 00ff d0f4 | 440f b75b | 2c41 f6c3 
  0x000002224ceed5a0: 200f 8472 | 0100 0048 | 8d55 a84c | 8b5a 084d | 85db 0f85 | bb00 0000 | e805 0000 | 00e9 9600 
  0x000002224ceed5c0: 0000 488d | 4424 084c | 896d c049 | 8bcf c5f8 | 7749 89af | 3804 0000 | 4989 8728 | 0400 0048 
  0x000002224ceed5e0: 83ec 2040 | f6c4 0f0f | 8419 0000 | 0048 83ec | 0848 b8e0 | 653d a4fa | 7f00 00ff | d048 83c4 
  0x000002224ceed600: 08e9 0c00 | 0000 48b8 | e065 3da4 | fa7f 0000 | ffd0 4883 | c420 49c7 | 8728 0400 | 0000 0000 
  0x000002224ceed620: 0049 c787 | 3804 0000 | 0000 0000 | 49c7 8730 | 0400 0000 | 0000 00c5 | f877 4983 | 7f08 000f 
  0x000002224ceed640: 8405 0000 | 00e9 963b | ffff 4c8b | 6dc0 4c8b | 75c8 4e8d | 74f5 00c3 | 48b9 4808 | a1a4 fa7f 
  0x000002224ceed660: 0000 4883 | e4f0 48b8 | 008d 64a4 | fa7f 0000 | ffd0 f44c | 896d c04c | 8b4a 0848 | c742 0800 
  0x000002224ceed680: 0000 0045 | 8b87 d806 | 0000 4f3b | 4c07 f80f | 8542 0000 | 0041 83af | d806 0000 | 084f 3b4c 
  0x000002224ceed6a0: 07f0 0f84 | 2a00 0000 | 498b 01a8 | 020f 8512 | 0000 004c | 8bc0 4983 | c801 f04d | 0fb1 010f 
  0x000002224ceed6c0: 840d 0000 | 0041 8387 | d806 0000 | 08e9 0500 | 0000 e93e | 0000 004c | 894a 0848 | 8bca 4883 
  0x000002224ceed6e0: ec20 40f6 | c40f 0f84 | 1900 0000 | 4883 ec08 | 48b8 3038 | 3da4 fa7f | 0000 ffd0 | 4883 c408 
  0x000002224ceed700: e90c 0000 | 0048 b830 | 383d a4fa | 7f00 00ff | d048 83c4 | 204c 8b6d | c041 c687 | 9603 0000 
  0x000002224ceed720: 0149 3b6f | 280f 8705 | 0000 00e9 | ab00 0000 | 4883 ec10 | c5fb 1104 | 2448 83ec | 1048 8904 
  0x000002224ceed740: 2448 c744 | 2408 0000 | 0000 c5f8 | 7749 89af | 3804 0000 | 49ba 4ad7 | ee4c 2202 | 0000 4d89 
  0x000002224ceed760: 9730 0400 | 0049 89a7 | 2804 0000 | 498b cf48 | 83ec 2040 | f6c4 0f0f | 8419 0000 | 0048 83ec 
  0x000002224ceed780: 0848 b8d0 | 1e3d a4fa | 7f00 00ff | d048 83c4 | 08e9 0c00 | 0000 48b8 | d01e 3da4 | fa7f 0000 
  0x000002224ceed7a0: ffd0 4883 | c420 49c7 | 8728 0400 | 0000 0000 | 0049 c787 | 3804 0000 | 0000 0000 | 49c7 8730 
  0x000002224ceed7c0: 0400 0000 | 0000 00c5 | f877 488b | 0424 4883 | c410 c5fb | 1004 2448 | 83c4 1048 | 8b04 2448 
  0x000002224ceed7e0: 83c4 10c5 | fb10 0424 | 4883 c410 | 4c8b 5d18 | 41ff d34c | 8b5d f8c9 | 41c6 8796 | 0300 0000 
  0x000002224ceed800: 5f49 8be3 | ffe7 ba00 | 0000 00e8 | 0500 0000 | e996 0000 | 0048 8d44 | 2408 4c89 | 6dc0 498b 
  0x000002224ceed820: cfc5 f877 | 4989 af38 | 0400 0049 | 8987 2804 | 0000 4883 | ec20 40f6 | c40f 0f84 | 1900 0000 
  0x000002224ceed840: 4883 ec08 | 48b8 202e | 3da4 fa7f | 0000 ffd0 | 4883 c408 | e90c 0000 | 0048 b820 | 2e3d a4fa 
  0x000002224ceed860: 7f00 00ff | d048 83c4 | 2049 c787 | 2804 0000 | 0000 0000 | 49c7 8738 | 0400 0000 | 0000 0049 
  0x000002224ceed880: c787 3004 | 0000 0000 | 0000 c5f8 | 7749 837f | 0800 0f84 | 0500 0000 | e943 39ff | ff4c 8b6d 
  0x000002224ceed8a0: c04c 8b75 | c84e 8d74 | f500 c348 | 8b5d e8e9 | 74f6 ffff | 0f1f 4000 
[/MachCode]

---------------  P R O C E S S  ---------------

Threads class SMR info:
_java_thread_list=0x0000022263abdc50, length=27, elements={
0x000002225c8b1f20, 0x000002225c8b2980, 0x000002225c8b66b0, 0x000002225c8b73a0,
0x000002225c8bb0c0, 0x000002225c8c5eb0, 0x000002225c8c89e0, 0x000002225c8ed520,
0x000002225cacdc80, 0x000002225cac1f40, 0x00000222613f53a0, 0x00000222612b5c60,
0x00000222612b74f0, 0x0000022261027500, 0x00000222624a4270, 0x00000222624a4e40,
0x0000022262589880, 0x0000022262587940, 0x0000022262587170, 0x000002226258a050,
0x000002225c8c3aa0, 0x0000022262742110, 0x000002226273f230, 0x0000022262743880,
0x0000022262745f90, 0x0000022262e124f0, 0x0000022262e12cc0
}

Java Threads: ( => current thread )
  0x000002225c8b1f20 JavaThread "Reference Handler"          daemon [_thread_blocked, id=14884, stack(0x000000dd3c100000,0x000000dd3c200000) (1024K)]
  0x000002225c8b2980 JavaThread "Finalizer"                  daemon [_thread_blocked, id=7868, stack(0x000000dd3c200000,0x000000dd3c300000) (1024K)]
  0x000002225c8b66b0 JavaThread "Signal Dispatcher"          daemon [_thread_blocked, id=18968, stack(0x000000dd3c300000,0x000000dd3c400000) (1024K)]
  0x000002225c8b73a0 JavaThread "Attach Listener"            daemon [_thread_blocked, id=17492, stack(0x000000dd3c400000,0x000000dd3c500000) (1024K)]
  0x000002225c8bb0c0 JavaThread "Service Thread"             daemon [_thread_blocked, id=13904, stack(0x000000dd3c500000,0x000000dd3c600000) (1024K)]
  0x000002225c8c5eb0 JavaThread "Monitor Deflation Thread"   daemon [_thread_blocked, id=14872, stack(0x000000dd3c600000,0x000000dd3c700000) (1024K)]
  0x000002225c8c89e0 JavaThread "C2 CompilerThread0"         daemon [_thread_blocked, id=22512, stack(0x000000dd3c700000,0x000000dd3c800000) (1024K)]
  0x000002225c8ed520 JavaThread "C1 CompilerThread0"         daemon [_thread_blocked, id=8044, stack(0x000000dd3c800000,0x000000dd3c900000) (1024K)]
  0x000002225cacdc80 JavaThread "Notification Thread"        daemon [_thread_blocked, id=28020, stack(0x000000dd3c900000,0x000000dd3ca00000) (1024K)]
  0x000002225cac1f40 JavaThread "Common-Cleaner"             daemon [_thread_blocked, id=13616, stack(0x000000dd3ca00000,0x000000dd3cb00000) (1024K)]
  0x00000222613f53a0 JavaThread "Java2D Disposer"            daemon [_thread_blocked, id=16668, stack(0x000000dd3cd00000,0x000000dd3ce00000) (1024K)]
  0x00000222612b5c60 JavaThread "AWT-Shutdown"                      [_thread_blocked, id=9120, stack(0x000000dd3ce00000,0x000000dd3cf00000) (1024K)]
=>0x00000222612b74f0 JavaThread "AWT-Windows"                daemon [_thread_in_native, id=2404, stack(0x000000dd3cf00000,0x000000dd3d000000) (1024K)]
  0x0000022261027500 JavaThread "AWT-EventQueue-0"                  [_thread_blocked, id=21292, stack(0x000000dd3d000000,0x000000dd3d100000) (1024K)]
  0x00000222624a4270 JavaThread "SwingWorker-pool-1-thread-1" daemon [_thread_blocked, id=18364, stack(0x000000dd3cb00000,0x000000dd3cc00000) (1024K)]
  0x00000222624a4e40 JavaThread "SwingWorker-pool-1-thread-2" daemon [_thread_blocked, id=8528, stack(0x000000dd3cc00000,0x000000dd3cd00000) (1024K)]
  0x0000022262589880 JavaThread "SwingWorker-pool-1-thread-3" daemon [_thread_blocked, id=6408, stack(0x000000dd3da00000,0x000000dd3db00000) (1024K)]
  0x0000022262587940 JavaThread "TimerQueue"                 daemon [_thread_blocked, id=17136, stack(0x000000dd3db00000,0x000000dd3dc00000) (1024K)]
  0x0000022262587170 JavaThread "SwingWorker-pool-1-thread-4" daemon [_thread_blocked, id=11736, stack(0x000000dd3dc00000,0x000000dd3dd00000) (1024K)]
  0x000002226258a050 JavaThread "SwingWorker-pool-1-thread-5" daemon [_thread_blocked, id=21148, stack(0x000000dd3dd00000,0x000000dd3de00000) (1024K)]
  0x000002225c8c3aa0 JavaThread "SwingWorker-pool-1-thread-6" daemon [_thread_blocked, id=1936, stack(0x000000dd3de00000,0x000000dd3df00000) (1024K)]
  0x0000022262742110 JavaThread "SwingWorker-pool-1-thread-7" daemon [_thread_blocked, id=14252, stack(0x000000dd3e000000,0x000000dd3e100000) (1024K)]
  0x000002226273f230 JavaThread "SwingWorker-pool-1-thread-8" daemon [_thread_blocked, id=22620, stack(0x000000dd3e200000,0x000000dd3e300000) (1024K)]
  0x0000022262743880 JavaThread "SwingWorker-pool-1-thread-9" daemon [_thread_blocked, id=17464, stack(0x000000dd3e300000,0x000000dd3e400000) (1024K)]
  0x0000022262745f90 JavaThread "SwingWorker-pool-1-thread-10" daemon [_thread_blocked, id=23340, stack(0x000000dd3e400000,0x000000dd3e500000) (1024K)]
  0x0000022262e124f0 JavaThread "DestroyJavaVM"                     [_thread_blocked, id=21936, stack(0x000000dd3b900000,0x000000dd3ba00000) (1024K)]
  0x0000022262e12cc0 JavaThread "Swing-Shell"                daemon [_thread_blocked, id=21372, stack(0x000000dd3d100000,0x000000dd3d200000) (1024K)]
Total: 27

Other Threads:
  0x000002225c89ff00 VMThread "VM Thread"                           [id=5180, stack(0x000000dd3c000000,0x000000dd3c100000) (1024K)]
  0x000002225c893300 WatcherThread "VM Periodic Task Thread"        [id=28716, stack(0x000000dd3bf00000,0x000000dd3c000000) (1024K)]
  0x000002223d193890 WorkerThread "GC Thread#0"                     [id=29520, stack(0x000000dd3ba00000,0x000000dd3bb00000) (1024K)]
  0x00000222625c9be0 WorkerThread "GC Thread#1"                     [id=12240, stack(0x000000dd3d300000,0x000000dd3d400000) (1024K)]
  0x00000222625ca010 WorkerThread "GC Thread#2"                     [id=23240, stack(0x000000dd3d400000,0x000000dd3d500000) (1024K)]
  0x00000222625ca440 WorkerThread "GC Thread#3"                     [id=29008, stack(0x000000dd3d500000,0x000000dd3d600000) (1024K)]
  0x00000222625ca870 WorkerThread "GC Thread#4"                     [id=28384, stack(0x000000dd3d600000,0x000000dd3d700000) (1024K)]
  0x00000222625caca0 WorkerThread "GC Thread#5"                     [id=6912, stack(0x000000dd3d700000,0x000000dd3d800000) (1024K)]
  0x0000022262660f70 WorkerThread "GC Thread#6"                     [id=17452, stack(0x000000dd3d800000,0x000000dd3d900000) (1024K)]
  0x0000022262662950 WorkerThread "GC Thread#7"                     [id=6924, stack(0x000000dd3d900000,0x000000dd3da00000) (1024K)]
  0x00000222626613c0 WorkerThread "GC Thread#8"                     [id=26112, stack(0x000000dd3e700000,0x000000dd3e800000) (1024K)]
  0x00000222629d8a60 WorkerThread "GC Thread#9"                     [id=27256, stack(0x000000dd3b700000,0x000000dd3b800000) (1024K)]
  0x000002223d1ad210 ConcurrentGCThread "G1 Main Marker"            [id=2440, stack(0x000000dd3bb00000,0x000000dd3bc00000) (1024K)]
  0x000002223d1addb0 WorkerThread "G1 Conc#0"                       [id=22812, stack(0x000000dd3bc00000,0x000000dd3bd00000) (1024K)]
  0x000002225c74ed80 ConcurrentGCThread "G1 Refine#0"               [id=21224, stack(0x000000dd3bd00000,0x000000dd3be00000) (1024K)]
  0x000002225c74f990 ConcurrentGCThread "G1 Service"                [id=25964, stack(0x000000dd3be00000,0x000000dd3bf00000) (1024K)]
Total: 16

Threads with active compile tasks:
Total: 0

VM state: not at safepoint (normal execution)

VM Mutex/Monitor currently owned by a thread: None

Heap address: 0x0000000704e00000, size: 4018 MB, Compressed Oops mode: Zero based, Oop shift amount: 3

CDS archive(s) mapped at: [0x0000000089000000-0x0000000089dd0000-0x0000000089dd0000), size 14483456, SharedBaseAddress: 0x0000000089000000, ArchiveRelocationMode: 1.
Compressed class space mapped at: 0x000000008a000000-0x00000000ca000000, reserved size: 1073741824
UseCompressedClassPointers 1, UseCompactObjectHeaders 0
Narrow klass pointer bits 32, Max shift 3
Narrow klass base: 0x0000000089000000, Narrow klass shift: 0
Encoding Range: [0x0000000089000000 - 0x0000000189000000), (4294967296 bytes)
Klass Range:    [0x0000000089010000 - 0x00000000ca000000), (1090453504 bytes)
Klass ID Range:  [65536 - 1090519033) (1090453497)
Protection zone: [0x0000000089000000 - 0x0000000089010000), (65536 bytes)

GC Precious Log:
 CardTable entry size: 512
 Card Set container configuration: InlinePtr #cards 4 size 8 Array Of Cards #cards 16 size 48 Howl #buckets 8 coarsen threshold 3686 Howl Bitmap #cards 512 size 80 coarsen threshold 460 Card regions per heap region 1 cards per card region 4096
 CPUs: 12 total, 12 available
 Memory: 16068M
 Large Page Support: Disabled
 NUMA Support: Disabled
 Compressed Oops: Enabled (Zero based)
 Heap Region Size: 2M
 Heap Min Capacity: 8M
 Heap Initial Capacity: 252M
 Heap Max Capacity: 4018M
 Pre-touch: Disabled
 Parallel Workers: 10
 Concurrent Workers: 3
 Concurrent Refinement Workers: 10
 Periodic GC: Disabled

Heap:
 garbage-first heap   total reserved 4114432K, committed 313344K, used 139966K [0x0000000704e00000, 0x0000000800000000)
  region size 2048K, 5 young (10240K), 4 survivors (8192K)

Heap Regions: E=young(eden), S=young(survivor), O=old, HS=humongous(starts), HC=humongous(continues), CS=collection set, F=free, TAMS=top-at-mark-start, PB=parsable bottom
|   0|0x0000000704e00000, 0x0000000705000000, 0x0000000705000000|100%|HS|  |TAMS 0x0000000704e00000| PB 0x0000000704e00000| Complete |  0
|   1|0x0000000705000000, 0x0000000705200000, 0x0000000705200000|100%|HS|  |TAMS 0x0000000705000000| PB 0x0000000705000000| Complete |  0
|   2|0x0000000705200000, 0x0000000705400000, 0x0000000705400000|100%|HC|  |TAMS 0x0000000705200000| PB 0x0000000705200000| Complete |  0
|   3|0x0000000705400000, 0x0000000705600000, 0x0000000705600000|100%|HC|  |TAMS 0x0000000705400000| PB 0x0000000705400000| Complete |  0
|   4|0x0000000705600000, 0x0000000705800000, 0x0000000705800000|100%|HS|  |TAMS 0x0000000705600000| PB 0x0000000705600000| Complete |  0
|   5|0x0000000705800000, 0x0000000705a00000, 0x0000000705a00000|100%|HS|  |TAMS 0x0000000705800000| PB 0x0000000705800000| Complete |  0
|   6|0x0000000705a00000, 0x0000000705c00000, 0x0000000705c00000|100%|HS|  |TAMS 0x0000000705a00000| PB 0x0000000705a00000| Complete |  0
|   7|0x0000000705c00000, 0x0000000705e00000, 0x0000000705e00000|100%|HC|  |TAMS 0x0000000705c00000| PB 0x0000000705c00000| Complete |  0
|   8|0x0000000705e00000, 0x0000000706000000, 0x0000000706000000|100%|HC|  |TAMS 0x0000000705e00000| PB 0x0000000705e00000| Complete |  0
|   9|0x0000000706000000, 0x0000000706200000, 0x0000000706200000|100%|HC|  |TAMS 0x0000000706000000| PB 0x0000000706000000| Complete |  0
|  10|0x0000000706200000, 0x0000000706400000, 0x0000000706400000|100%|HC|  |TAMS 0x0000000706200000| PB 0x0000000706200000| Complete |  0
|  11|0x0000000706400000, 0x0000000706600000, 0x0000000706600000|100%|HC|  |TAMS 0x0000000706400000| PB 0x0000000706400000| Complete |  0
|  12|0x0000000706600000, 0x0000000706800000, 0x0000000706800000|100%|HC|  |TAMS 0x0000000706600000| PB 0x0000000706600000| Complete |  0
|  13|0x0000000706800000, 0x0000000706a00000, 0x0000000706a00000|100%|HC|  |TAMS 0x0000000706800000| PB 0x0000000706800000| Complete |  0
|  14|0x0000000706a00000, 0x0000000706c00000, 0x0000000706c00000|100%|HC|  |TAMS 0x0000000706a00000| PB 0x0000000706a00000| Complete |  0
|  15|0x0000000706c00000, 0x0000000706e00000, 0x0000000706e00000|100%|HC|  |TAMS 0x0000000706c00000| PB 0x0000000706c00000| Complete |  0
|  16|0x0000000706e00000, 0x0000000707000000, 0x0000000707000000|100%|HC|  |TAMS 0x0000000706e00000| PB 0x0000000706e00000| Complete |  0
|  17|0x0000000707000000, 0x0000000707200000, 0x0000000707200000|100%|HC|  |TAMS 0x0000000707000000| PB 0x0000000707000000| Complete |  0
|  18|0x0000000707200000, 0x0000000707400000, 0x0000000707400000|100%|HS|  |TAMS 0x0000000707200000| PB 0x0000000707200000| Complete |  0
|  19|0x0000000707400000, 0x0000000707600000, 0x0000000707600000|100%|HC|  |TAMS 0x0000000707400000| PB 0x0000000707400000| Complete |  0
|  20|0x0000000707600000, 0x0000000707800000, 0x0000000707800000|100%|HC|  |TAMS 0x0000000707600000| PB 0x0000000707600000| Complete |  0
|  21|0x0000000707800000, 0x0000000707a00000, 0x0000000707a00000|100%|HC|  |TAMS 0x0000000707800000| PB 0x0000000707800000| Complete |  0
|  22|0x0000000707a00000, 0x0000000707c00000, 0x0000000707c00000|100%|HC|  |TAMS 0x0000000707a00000| PB 0x0000000707a00000| Complete |  0
|  23|0x0000000707c00000, 0x0000000707e00000, 0x0000000707e00000|100%|HC|  |TAMS 0x0000000707c00000| PB 0x0000000707c00000| Complete |  0
|  24|0x0000000707e00000, 0x0000000708000000, 0x0000000708000000|100%|HC|  |TAMS 0x0000000707e00000| PB 0x0000000707e00000| Complete |  0
|  25|0x0000000708000000, 0x0000000708200000, 0x0000000708200000|100%|HC|  |TAMS 0x0000000708000000| PB 0x0000000708000000| Complete |  0
|  26|0x0000000708200000, 0x0000000708400000, 0x0000000708400000|100%|HC|  |TAMS 0x0000000708200000| PB 0x0000000708200000| Complete |  0
|  27|0x0000000708400000, 0x0000000708600000, 0x0000000708600000|100%|HC|  |TAMS 0x0000000708400000| PB 0x0000000708400000| Complete |  0
|  28|0x0000000708600000, 0x0000000708800000, 0x0000000708800000|100%|HC|  |TAMS 0x0000000708600000| PB 0x0000000708600000| Complete |  0
|  29|0x0000000708800000, 0x0000000708a00000, 0x0000000708a00000|100%|HC|  |TAMS 0x0000000708800000| PB 0x0000000708800000| Complete |  0
|  30|0x0000000708a00000, 0x0000000708c00000, 0x0000000708c00000|100%|HS|  |TAMS 0x0000000708a00000| PB 0x0000000708a00000| Complete |  0
|  31|0x0000000708c00000, 0x0000000708e00000, 0x0000000708e00000|100%|HS|  |TAMS 0x0000000708c00000| PB 0x0000000708c00000| Complete |  0
|  32|0x0000000708e00000, 0x0000000709000000, 0x0000000709000000|100%|HS|  |TAMS 0x0000000708e00000| PB 0x0000000708e00000| Complete |  0
|  33|0x0000000709000000, 0x0000000709200000, 0x0000000709200000|100%|HS|  |TAMS 0x0000000709000000| PB 0x0000000709000000| Complete |  0
|  34|0x0000000709200000, 0x0000000709400000, 0x0000000709400000|100%|HS|  |TAMS 0x0000000709200000| PB 0x0000000709200000| Complete |  0
|  35|0x0000000709400000, 0x0000000709600000, 0x0000000709600000|100%|HC|  |TAMS 0x0000000709400000| PB 0x0000000709400000| Complete |  0
|  36|0x0000000709600000, 0x0000000709800000, 0x0000000709800000|100%|HC|  |TAMS 0x0000000709600000| PB 0x0000000709600000| Complete |  0
|  37|0x0000000709800000, 0x0000000709a00000, 0x0000000709a00000|100%|HS|  |TAMS 0x0000000709800000| PB 0x0000000709800000| Complete |  0
|  38|0x0000000709a00000, 0x0000000709c00000, 0x0000000709c00000|100%|HS|  |TAMS 0x0000000709a00000| PB 0x0000000709a00000| Complete |  0
|  39|0x0000000709c00000, 0x0000000709e00000, 0x0000000709e00000|100%|HS|  |TAMS 0x0000000709c00000| PB 0x0000000709c00000| Complete |  0
|  40|0x0000000709e00000, 0x000000070a000000, 0x000000070a000000|100%|HS|  |TAMS 0x0000000709e00000| PB 0x0000000709e00000| Complete |  0
|  41|0x000000070a000000, 0x000000070a200000, 0x000000070a200000|100%|HC|  |TAMS 0x000000070a000000| PB 0x000000070a000000| Complete |  0
|  42|0x000000070a200000, 0x000000070a400000, 0x000000070a400000|100%|HC|  |TAMS 0x000000070a200000| PB 0x000000070a200000| Complete |  0
|  43|0x000000070a400000, 0x000000070a600000, 0x000000070a600000|100%|HC|  |TAMS 0x000000070a400000| PB 0x000000070a400000| Complete |  0
|  44|0x000000070a600000, 0x000000070a800000, 0x000000070a800000|100%|HS|  |TAMS 0x000000070a600000| PB 0x000000070a600000| Complete |  0
|  45|0x000000070a800000, 0x000000070aa00000, 0x000000070aa00000|100%|HS|  |TAMS 0x000000070a800000| PB 0x000000070a800000| Complete |  0
|  46|0x000000070aa00000, 0x000000070ac00000, 0x000000070ac00000|100%|HS|  |TAMS 0x000000070aa00000| PB 0x000000070aa00000| Complete |  0
|  47|0x000000070ac00000, 0x000000070ae00000, 0x000000070ae00000|100%|HS|  |TAMS 0x000000070ac00000| PB 0x000000070ac00000| Complete |  0
|  48|0x000000070ae00000, 0x000000070b000000, 0x000000070b000000|100%|HC|  |TAMS 0x000000070ae00000| PB 0x000000070ae00000| Complete |  0
|  49|0x000000070b000000, 0x000000070b200000, 0x000000070b200000|100%|HC|  |TAMS 0x000000070b000000| PB 0x000000070b000000| Complete |  0
|  50|0x000000070b200000, 0x000000070b400000, 0x000000070b400000|100%|HC|  |TAMS 0x000000070b200000| PB 0x000000070b200000| Complete |  0
|  51|0x000000070b400000, 0x000000070b600000, 0x000000070b600000|100%|HC|  |TAMS 0x000000070b400000| PB 0x000000070b400000| Complete |  0
|  52|0x000000070b600000, 0x000000070b800000, 0x000000070b800000|100%|HC|  |TAMS 0x000000070b600000| PB 0x000000070b600000| Complete |  0
|  53|0x000000070b800000, 0x000000070ba00000, 0x000000070ba00000|100%|HC|  |TAMS 0x000000070b800000| PB 0x000000070b800000| Complete |  0
|  54|0x000000070ba00000, 0x000000070bc00000, 0x000000070bc00000|100%|HC|  |TAMS 0x000000070ba00000| PB 0x000000070ba00000| Complete |  0
|  55|0x000000070bc00000, 0x000000070be00000, 0x000000070be00000|100%|HC|  |TAMS 0x000000070bc00000| PB 0x000000070bc00000| Complete |  0
|  56|0x000000070be00000, 0x000000070c000000, 0x000000070c000000|100%|HS|  |TAMS 0x000000070be00000| PB 0x000000070be00000| Complete |  0
|  57|0x000000070c000000, 0x000000070c200000, 0x000000070c200000|100%|HC|  |TAMS 0x000000070c000000| PB 0x000000070c000000| Complete |  0
|  58|0x000000070c200000, 0x000000070c400000, 0x000000070c400000|100%|HC|  |TAMS 0x000000070c200000| PB 0x000000070c200000| Complete |  0
|  59|0x000000070c400000, 0x000000070c600000, 0x000000070c600000|100%|HC|  |TAMS 0x000000070c400000| PB 0x000000070c400000| Complete |  0
|  60|0x000000070c600000, 0x000000070c600000, 0x000000070c800000|  0%| F|  |TAMS 0x000000070c600000| PB 0x000000070c600000| Untracked |  0
|  61|0x000000070c800000, 0x000000070c800000, 0x000000070ca00000|  0%| F|  |TAMS 0x000000070c800000| PB 0x000000070c800000| Untracked |  0
|  62|0x000000070ca00000, 0x000000070ca00000, 0x000000070cc00000|  0%| F|  |TAMS 0x000000070ca00000| PB 0x000000070ca00000| Untracked |  0
|  63|0x000000070cc00000, 0x000000070cc00000, 0x000000070ce00000|  0%| F|  |TAMS 0x000000070cc00000| PB 0x000000070cc00000| Untracked |  0
|  64|0x000000070ce00000, 0x000000070ce00000, 0x000000070d000000|  0%| F|  |TAMS 0x000000070ce00000| PB 0x000000070ce00000| Untracked |  0
|  65|0x000000070d000000, 0x000000070d000000, 0x000000070d200000|  0%| F|  |TAMS 0x000000070d000000| PB 0x000000070d000000| Untracked |  0
|  66|0x000000070d200000, 0x000000070d200000, 0x000000070d400000|  0%| F|  |TAMS 0x000000070d200000| PB 0x000000070d200000| Untracked |  0
|  67|0x000000070d400000, 0x000000070d400000, 0x000000070d600000|  0%| F|  |TAMS 0x000000070d400000| PB 0x000000070d400000| Untracked |  0
|  68|0x000000070d600000, 0x000000070d600000, 0x000000070d800000|  0%| F|  |TAMS 0x000000070d600000| PB 0x000000070d600000| Untracked |  0
|  69|0x000000070d800000, 0x000000070da00000, 0x000000070da00000|100%|HS|  |TAMS 0x000000070d800000| PB 0x000000070d800000| Complete |  0
|  70|0x000000070da00000, 0x000000070dc00000, 0x000000070dc00000|100%|HC|  |TAMS 0x000000070da00000| PB 0x000000070da00000| Complete |  0
|  71|0x000000070dc00000, 0x000000070de00000, 0x000000070de00000|100%|HC|  |TAMS 0x000000070dc00000| PB 0x000000070dc00000| Complete |  0
|  72|0x000000070de00000, 0x000000070e000000, 0x000000070e000000|100%|HC|  |TAMS 0x000000070de00000| PB 0x000000070de00000| Complete |  0
|  73|0x000000070e000000, 0x000000070e000000, 0x000000070e200000|  0%| F|  |TAMS 0x000000070e000000| PB 0x000000070e000000| Untracked |  0
|  74|0x000000070e200000, 0x000000070e200000, 0x000000070e400000|  0%| F|  |TAMS 0x000000070e200000| PB 0x000000070e200000| Untracked |  0
|  75|0x000000070e400000, 0x000000070e400000, 0x000000070e600000|  0%| F|  |TAMS 0x000000070e400000| PB 0x000000070e400000| Untracked |  0
|  76|0x000000070e600000, 0x000000070e600000, 0x000000070e800000|  0%| F|  |TAMS 0x000000070e600000| PB 0x000000070e600000| Untracked |  0
|  77|0x000000070e800000, 0x000000070e800000, 0x000000070ea00000|  0%| F|  |TAMS 0x000000070e800000| PB 0x000000070e800000| Untracked |  0
|  78|0x000000070ea00000, 0x000000070ea00000, 0x000000070ec00000|  0%| F|  |TAMS 0x000000070ea00000| PB 0x000000070ea00000| Untracked |  0
|  79|0x000000070ec00000, 0x000000070ec00000, 0x000000070ee00000|  0%| F|  |TAMS 0x000000070ec00000| PB 0x000000070ec00000| Untracked |  0
|  80|0x000000070ee00000, 0x000000070ee00000, 0x000000070f000000|  0%| F|  |TAMS 0x000000070ee00000| PB 0x000000070ee00000| Untracked |  0
|  81|0x000000070f000000, 0x000000070f000000, 0x000000070f200000|  0%| F|  |TAMS 0x000000070f000000| PB 0x000000070f000000| Untracked |  0
|  82|0x000000070f200000, 0x000000070f200000, 0x000000070f400000|  0%| F|  |TAMS 0x000000070f200000| PB 0x000000070f200000| Untracked |  0
|  83|0x000000070f400000, 0x000000070f400000, 0x000000070f600000|  0%| F|  |TAMS 0x000000070f400000| PB 0x000000070f400000| Untracked |  0
|  84|0x000000070f600000, 0x000000070f600000, 0x000000070f800000|  0%| F|  |TAMS 0x000000070f600000| PB 0x000000070f600000| Untracked |  0
|  85|0x000000070f800000, 0x000000070f800000, 0x000000070fa00000|  0%| F|  |TAMS 0x000000070f800000| PB 0x000000070f800000| Untracked |  0
|  86|0x000000070fa00000, 0x000000070fa00000, 0x000000070fc00000|  0%| F|  |TAMS 0x000000070fa00000| PB 0x000000070fa00000| Untracked |  0
|  87|0x000000070fc00000, 0x000000070fc00000, 0x000000070fe00000|  0%| F|  |TAMS 0x000000070fc00000| PB 0x000000070fc00000| Untracked |  0
|  88|0x000000070fe00000, 0x000000070fe00000, 0x0000000710000000|  0%| F|  |TAMS 0x000000070fe00000| PB 0x000000070fe00000| Untracked |  0
|  89|0x0000000710000000, 0x0000000710000000, 0x0000000710200000|  0%| F|  |TAMS 0x0000000710000000| PB 0x0000000710000000| Untracked |  0
|  90|0x0000000710200000, 0x0000000710200000, 0x0000000710400000|  0%| F|  |TAMS 0x0000000710200000| PB 0x0000000710200000| Untracked |  0
|  91|0x0000000710400000, 0x0000000710400000, 0x0000000710600000|  0%| F|  |TAMS 0x0000000710400000| PB 0x0000000710400000| Untracked |  0
|  92|0x0000000710600000, 0x0000000710600000, 0x0000000710800000|  0%| F|  |TAMS 0x0000000710600000| PB 0x0000000710600000| Untracked |  0
|  93|0x0000000710800000, 0x0000000710800000, 0x0000000710a00000|  0%| F|  |TAMS 0x0000000710800000| PB 0x0000000710800000| Untracked |  0
|  94|0x0000000710a00000, 0x0000000710a00000, 0x0000000710c00000|  0%| F|  |TAMS 0x0000000710a00000| PB 0x0000000710a00000| Untracked |  0
|  95|0x0000000710c00000, 0x0000000710c00000, 0x0000000710e00000|  0%| F|  |TAMS 0x0000000710c00000| PB 0x0000000710c00000| Untracked |  0
|  96|0x0000000710e00000, 0x0000000710e00000, 0x0000000711000000|  0%| F|  |TAMS 0x0000000710e00000| PB 0x0000000710e00000| Untracked |  0
|  97|0x0000000711000000, 0x0000000711000000, 0x0000000711200000|  0%| F|  |TAMS 0x0000000711000000| PB 0x0000000711000000| Untracked |  0
|  98|0x0000000711200000, 0x0000000711200000, 0x0000000711400000|  0%| F|  |TAMS 0x0000000711200000| PB 0x0000000711200000| Untracked |  0
|  99|0x0000000711400000, 0x0000000711400000, 0x0000000711600000|  0%| F|  |TAMS 0x0000000711400000| PB 0x0000000711400000| Untracked |  0
| 100|0x0000000711600000, 0x0000000711600000, 0x0000000711800000|  0%| F|  |TAMS 0x0000000711600000| PB 0x0000000711600000| Untracked |  0
| 101|0x0000000711800000, 0x0000000711800000, 0x0000000711a00000|  0%| F|  |TAMS 0x0000000711800000| PB 0x0000000711800000| Untracked |  0
| 102|0x0000000711a00000, 0x0000000711a00000, 0x0000000711c00000|  0%| F|  |TAMS 0x0000000711a00000| PB 0x0000000711a00000| Untracked |  0
| 103|0x0000000711c00000, 0x0000000711c00000, 0x0000000711e00000|  0%| F|  |TAMS 0x0000000711c00000| PB 0x0000000711c00000| Untracked |  0
| 104|0x0000000711e00000, 0x0000000711e00000, 0x0000000712000000|  0%| F|  |TAMS 0x0000000711e00000| PB 0x0000000711e00000| Untracked |  0
| 105|0x0000000712000000, 0x0000000712000000, 0x0000000712200000|  0%| F|  |TAMS 0x0000000712000000| PB 0x0000000712000000| Untracked |  0
| 106|0x0000000712200000, 0x0000000712200000, 0x0000000712400000|  0%| F|  |TAMS 0x0000000712200000| PB 0x0000000712200000| Untracked |  0
| 107|0x0000000712400000, 0x0000000712400000, 0x0000000712600000|  0%| F|  |TAMS 0x0000000712400000| PB 0x0000000712400000| Untracked |  0
| 108|0x0000000712600000, 0x0000000712600000, 0x0000000712800000|  0%| F|  |TAMS 0x0000000712600000| PB 0x0000000712600000| Untracked |  0
| 109|0x0000000712800000, 0x0000000712800000, 0x0000000712a00000|  0%| F|  |TAMS 0x0000000712800000| PB 0x0000000712800000| Untracked |  0
| 110|0x0000000712a00000, 0x0000000712a00000, 0x0000000712c00000|  0%| F|  |TAMS 0x0000000712a00000| PB 0x0000000712a00000| Untracked |  0
| 111|0x0000000712c00000, 0x0000000712c00000, 0x0000000712e00000|  0%| F|  |TAMS 0x0000000712c00000| PB 0x0000000712c00000| Untracked |  0
| 112|0x0000000712e00000, 0x0000000712e00000, 0x0000000713000000|  0%| F|  |TAMS 0x0000000712e00000| PB 0x0000000712e00000| Untracked |  0
| 113|0x0000000713000000, 0x0000000713000000, 0x0000000713200000|  0%| F|  |TAMS 0x0000000713000000| PB 0x0000000713000000| Untracked |  0
| 114|0x0000000713200000, 0x0000000713200000, 0x0000000713400000|  0%| F|  |TAMS 0x0000000713200000| PB 0x0000000713200000| Untracked |  0
| 115|0x0000000713400000, 0x0000000713400000, 0x0000000713600000|  0%| F|  |TAMS 0x0000000713400000| PB 0x0000000713400000| Untracked |  0
| 116|0x0000000713600000, 0x0000000713600000, 0x0000000713800000|  0%| F|  |TAMS 0x0000000713600000| PB 0x0000000713600000| Untracked |  0
| 117|0x0000000713800000, 0x0000000713800000, 0x0000000713a00000|  0%| F|  |TAMS 0x0000000713800000| PB 0x0000000713800000| Untracked |  0
| 118|0x0000000713a00000, 0x0000000713a00000, 0x0000000713c00000|  0%| F|  |TAMS 0x0000000713a00000| PB 0x0000000713a00000| Untracked |  0
| 119|0x0000000713c00000, 0x0000000713c00000, 0x0000000713e00000|  0%| F|  |TAMS 0x0000000713c00000| PB 0x0000000713c00000| Untracked |  0
| 120|0x0000000713e00000, 0x0000000713e00000, 0x0000000714000000|  0%| F|  |TAMS 0x0000000713e00000| PB 0x0000000713e00000| Untracked |  0
| 121|0x0000000714000000, 0x0000000714000000, 0x0000000714200000|  0%| F|  |TAMS 0x0000000714000000| PB 0x0000000714000000| Untracked |  0
| 122|0x0000000714200000, 0x0000000714200000, 0x0000000714400000|  0%| F|  |TAMS 0x0000000714200000| PB 0x0000000714200000| Untracked |  0
| 123|0x0000000714400000, 0x0000000714400000, 0x0000000714600000|  0%| F|  |TAMS 0x0000000714400000| PB 0x0000000714400000| Untracked |  0
| 124|0x0000000714600000, 0x0000000714600000, 0x0000000714800000|  0%| F|  |TAMS 0x0000000714600000| PB 0x0000000714600000| Untracked |  0
| 125|0x0000000714800000, 0x0000000714800000, 0x0000000714a00000|  0%| F|  |TAMS 0x0000000714800000| PB 0x0000000714800000| Untracked |  0
| 126|0x0000000714a00000, 0x0000000714a00000, 0x0000000714c00000|  0%| F|  |TAMS 0x0000000714a00000| PB 0x0000000714a00000| Untracked |  0
| 127|0x0000000714c00000, 0x0000000714c00000, 0x0000000714e00000|  0%| F|  |TAMS 0x0000000714c00000| PB 0x0000000714c00000| Untracked |  0
| 128|0x0000000714e00000, 0x0000000714e00000, 0x0000000715000000|  0%| F|  |TAMS 0x0000000714e00000| PB 0x0000000714e00000| Untracked |  0
| 129|0x0000000715000000, 0x0000000715000000, 0x0000000715200000|  0%| F|  |TAMS 0x0000000715000000| PB 0x0000000715000000| Untracked |  0
| 130|0x0000000715200000, 0x0000000715200000, 0x0000000715400000|  0%| F|  |TAMS 0x0000000715200000| PB 0x0000000715200000| Untracked |  0
| 131|0x0000000715400000, 0x0000000715400000, 0x0000000715600000|  0%| F|  |TAMS 0x0000000715400000| PB 0x0000000715400000| Untracked |  0
| 132|0x0000000715600000, 0x0000000715600000, 0x0000000715800000|  0%| F|  |TAMS 0x0000000715600000| PB 0x0000000715600000| Untracked |  0
| 133|0x0000000715800000, 0x0000000715800000, 0x0000000715a00000|  0%| F|  |TAMS 0x0000000715800000| PB 0x0000000715800000| Untracked |  0
| 134|0x0000000715a00000, 0x0000000715a00000, 0x0000000715c00000|  0%| F|  |TAMS 0x0000000715a00000| PB 0x0000000715a00000| Untracked |  0
| 135|0x0000000715c00000, 0x0000000715c00000, 0x0000000715e00000|  0%| F|  |TAMS 0x0000000715c00000| PB 0x0000000715c00000| Untracked |  0
| 136|0x0000000715e00000, 0x0000000715e00000, 0x0000000716000000|  0%| F|  |TAMS 0x0000000715e00000| PB 0x0000000715e00000| Untracked |  0
| 137|0x0000000716000000, 0x0000000716000000, 0x0000000716200000|  0%| F|  |TAMS 0x0000000716000000| PB 0x0000000716000000| Untracked |  0
| 138|0x0000000716200000, 0x0000000716200000, 0x0000000716400000|  0%| F|  |TAMS 0x0000000716200000| PB 0x0000000716200000| Untracked |  0
| 139|0x0000000716400000, 0x0000000716400000, 0x0000000716600000|  0%| F|  |TAMS 0x0000000716400000| PB 0x0000000716400000| Untracked |  0
| 140|0x0000000716600000, 0x0000000716600000, 0x0000000716800000|  0%| F|  |TAMS 0x0000000716600000| PB 0x0000000716600000| Untracked |  0
| 141|0x0000000716800000, 0x0000000716800000, 0x0000000716a00000|  0%| F|  |TAMS 0x0000000716800000| PB 0x0000000716800000| Untracked |  0
| 142|0x0000000716a00000, 0x0000000716b8a390, 0x0000000716c00000| 76%| S|CS|TAMS 0x0000000716a00000| PB 0x0000000716a00000| Complete |  0
| 143|0x0000000716c00000, 0x0000000716e00000, 0x0000000716e00000|100%| S|CS|TAMS 0x0000000716c00000| PB 0x0000000716c00000| Complete |  0
| 144|0x0000000716e00000, 0x0000000717000000, 0x0000000717000000|100%| S|CS|TAMS 0x0000000716e00000| PB 0x0000000716e00000| Complete |  0
| 145|0x0000000717000000, 0x0000000717200000, 0x0000000717200000|100%| S|CS|TAMS 0x0000000717000000| PB 0x0000000717000000| Complete |  0
| 146|0x0000000717200000, 0x0000000717200000, 0x0000000717400000|  0%| F|  |TAMS 0x0000000717200000| PB 0x0000000717200000| Untracked |  0
| 147|0x0000000717400000, 0x0000000717400000, 0x0000000717600000|  0%| F|  |TAMS 0x0000000717400000| PB 0x0000000717400000| Untracked |  0
| 148|0x0000000717600000, 0x0000000717600000, 0x0000000717800000|  0%| F|  |TAMS 0x0000000717600000| PB 0x0000000717600000| Untracked |  0
| 149|0x0000000717800000, 0x0000000717800000, 0x0000000717a00000|  0%| F|  |TAMS 0x0000000717800000| PB 0x0000000717800000| Untracked |  0
| 150|0x0000000717a00000, 0x0000000717a00000, 0x0000000717c00000|  0%| F|  |TAMS 0x0000000717a00000| PB 0x0000000717a00000| Untracked |  0
| 151|0x0000000717c00000, 0x0000000717d4ce28, 0x0000000717e00000| 65%| E|  |TAMS 0x0000000717c00000| PB 0x0000000717c00000| Complete |  0
|2008|0x00000007ffe00000, 0x00000007fff256a0, 0x0000000800000000| 57%| O|  |TAMS 0x00000007ffe00000| PB 0x00000007ffe00000| Untracked |  0

Card table byte_map: [0x00000222556e0000,0x0000022255ec0000] _byte_map_base: 0x0000022251eb9000

Marking Bits: (CMBitMap*) 0x000002223d194020
 Bits: [0x0000022255ec0000, 0x0000022259d88000)

Polling page: 0x000002223af90000

Metaspace:
Metaspace        used 18884K, committed 19072K, reserved 1114112K
 class space     used 1650K, committed 1728K, reserved 1048576K

Usage:
  Non-class:     16.83 MB used.
      Class:      1.61 MB used.
       Both:     18.44 MB used.

Virtual space:
  Non-class space:       64.00 MB reserved,      16.94 MB ( 26%) committed,  1 nodes.
      Class space:        1.00 GB reserved,       1.69 MB ( <1%) committed,  1 nodes.
             Both:        1.06 GB reserved,      18.62 MB (  2%) committed. 

Chunk freelists:
   Non-Class:  14.89 MB
       Class:  14.19 MB
        Both:  29.08 MB

MaxMetaspaceSize: unlimited
CompressedClassSpaceSize: 1.00 GB
Initial GC threshold: 21.00 MB
Current GC threshold: 21.00 MB
CDS: on
 - commit_granule_bytes: 65536.
 - commit_granule_words: 8192.
 - virtual_space_node_default_size: 8388608.
 - enlarge_chunks_in_place: 1.
UseCompressedClassPointers 1, UseCompactObjectHeaders 0
Narrow klass pointer bits 32, Max shift 3
Narrow klass base: 0x0000000089000000, Narrow klass shift: 0
Encoding Range: [0x0000000089000000 - 0x0000000189000000), (4294967296 bytes)
Klass Range:    [0x0000000089010000 - 0x00000000ca000000), (1090453504 bytes)
Klass ID Range:  [65536 - 1090519033) (1090453497)
Protection zone: [0x0000000089000000 - 0x0000000089010000), (65536 bytes)


Internal statistics:

num_allocs_failed_limit: 0.
num_arena_births: 218.
num_arena_deaths: 0.
num_vsnodes_births: 2.
num_vsnodes_deaths: 0.
num_space_committed: 298.
num_space_uncommitted: 0.
num_chunks_returned_to_freelist: 0.
num_chunks_taken_from_freelist: 441.
num_chunk_merges: 0.
num_chunk_splits: 257.
num_chunks_enlarged: 143.
num_inconsistent_stats: 0.

CodeHeap 'non-profiled nmethods': size=120064Kb used=3139Kb max_used=3139Kb free=116925Kb
 bounds [0x000002224d470000, 0x000002224d790000, 0x00000222549b0000]
CodeHeap 'profiled nmethods': size=120000Kb used=10885Kb max_used=10885Kb free=109115Kb
 bounds [0x00000222459b0000, 0x0000022246460000, 0x000002224cee0000]
CodeHeap 'non-nmethods': size=5696Kb used=1659Kb max_used=1818Kb free=4036Kb
 bounds [0x000002224cee0000, 0x000002224d150000, 0x000002224d470000]
CodeCache: size=245760Kb, used=15683Kb, max_used=15842Kb, free=230076Kb
 total_blobs=7087, nmethods=6295, adapters=695, full_count=0
Compilation: enabled, stopped_count=0, restarted_count=0

Compilation events (20 events):
Event: 1174.575 Thread 0x000002225c8c89e0 6368       4       java.util.HashMap::putMapEntries (170 bytes)
Event: 1174.683 Thread 0x000002225c8ed520 6369       3       com.formdev.flatlaf.ui.FlatHTML$$Lambda/0x000000008a0acc18::propertyChange (9 bytes)
Event: 1174.684 Thread 0x000002225c8ed520 nmethod 6369 0x000002224644f508 code [0x000002224644f600, 0x000002224644f898]
Event: 1174.684 Thread 0x000002225c8ed520 6370       3       com.formdev.flatlaf.ui.FlatHTML::lambda$createPropertyChangeListener$0 (16 bytes)
Event: 1174.685 Thread 0x000002225c8ed520 nmethod 6370 0x000002224644f908 code [0x000002224644fa00, 0x0000022246450000]
Event: 1174.685 Thread 0x000002225c8ed520 6371       3       javax.swing.plaf.basic.BasicMenuItemUI$Handler::propertyChange (116 bytes)
Event: 1174.687 Thread 0x000002225c8ed520 nmethod 6371 0x0000022246450088 code [0x0000022246450180, 0x0000022246450ca8]
Event: 1174.738 Thread 0x000002225c8c89e0 nmethod 6368 0x000002224d77ca88 code [0x000002224d77cba0, 0x000002224d77f230]
Event: 1178.527 Thread 0x000002225c8ed520 6372       1       sun.awt.Win32GraphicsDevice::getScreen (5 bytes)
Event: 1178.527 Thread 0x000002225c8c89e0 6373  s    4       java.util.Hashtable::put (104 bytes)
Event: 1178.527 Thread 0x000002225c8ed520 nmethod 6372 0x000002224d77f288 code [0x000002224d77f380, 0x000002224d77f448]
Event: 1178.533 Thread 0x000002225c8c89e0 nmethod 6373 0x000002224d77f588 code [0x000002224d77f680, 0x000002224d780180]
Event: 1178.544 Thread 0x000002225c8ed520 6374  s    3       java.awt.KeyboardFocusManager::getMostRecentFocusOwner (29 bytes)
Event: 1178.544 Thread 0x000002225c8ed520 nmethod 6374 0x0000022246450d08 code [0x0000022246450e00, 0x00000222464513c0]
Event: 1178.544 Thread 0x000002225c8ed520 6375       1       java.awt.Component::getInputMethodRequests (2 bytes)
Event: 1178.544 Thread 0x000002225c8ed520 nmethod 6375 0x000002224d780188 code [0x000002224d780280, 0x000002224d780350]
Event: 1178.550 Thread 0x000002225c8c89e0 6376       4       javax.swing.JTable::getDefaultRenderer (61 bytes)
Event: 1178.552 Thread 0x000002225c8c89e0 nmethod 6376 0x000002224d780488 code [0x000002224d780580, 0x000002224d7808f0]
Event: 1180.316 Thread 0x000002225c8c89e0 6377       4       java.beans.PropertyChangeSupport::fire (39 bytes)
Event: 1180.318 Thread 0x000002225c8c89e0 nmethod 6377 0x000002224d780908 code [0x000002224d780a00, 0x000002224d780af8]

GC Heap Usage History (18 events):
Event: 0.678 {heap Before GC invocations=0 (full 0):
 garbage-first heap   total reserved 4114432K, committed 260096K, used 85141K [0x0000000704e00000, 0x0000000800000000)
  region size 2048K, 24 young (49152K), 0 survivors (0K)
}
Event: 0.692 {heap After GC invocations=1 (full 0):
 garbage-first heap   total reserved 4114432K, committed 260096K, used 42005K [0x0000000704e00000, 0x0000000800000000)
  region size 2048K, 2 young (4096K), 2 survivors (4096K)
}
Event: 2.370 {heap Before GC invocations=1 (full 0):
 garbage-first heap   total reserved 4114432K, committed 260096K, used 203797K [0x0000000704e00000, 0x0000000800000000)
  region size 2048K, 49 young (100352K), 2 survivors (4096K)
}
Event: 2.390 {heap After GC invocations=2 (full 0):
 garbage-first heap   total reserved 4114432K, committed 260096K, used 113547K [0x0000000704e00000, 0x0000000800000000)
  region size 2048K, 4 young (8192K), 4 survivors (8192K)
}
Event: 2.673 {heap Before GC invocations=2 (full 0):
 garbage-first heap   total reserved 4114432K, committed 260096K, used 199563K [0x0000000704e00000, 0x0000000800000000)
  region size 2048K, 46 young (94208K), 4 survivors (8192K)
}
Event: 2.677 {heap After GC invocations=3 (full 0):
 garbage-first heap   total reserved 4114432K, committed 260096K, used 112336K [0x0000000704e00000, 0x0000000800000000)
  region size 2048K, 4 young (8192K), 4 survivors (8192K)
}
Event: 2.971 {heap Before GC invocations=3 (full 0):
 garbage-first heap   total reserved 4114432K, committed 260096K, used 210640K [0x0000000704e00000, 0x0000000800000000)
  region size 2048K, 52 young (106496K), 4 survivors (8192K)
}
Event: 2.976 {heap After GC invocations=4 (full 0):
 garbage-first heap   total reserved 4114432K, committed 260096K, used 112241K [0x0000000704e00000, 0x0000000800000000)
  region size 2048K, 4 young (8192K), 4 survivors (8192K)
}
Event: 1086.498 {heap Before GC invocations=4 (full 0):
 garbage-first heap   total reserved 4114432K, committed 260096K, used 181873K [0x0000000704e00000, 0x0000000800000000)
  region size 2048K, 35 young (71680K), 4 survivors (8192K)
}
Event: 1086.518 {heap After GC invocations=5 (full 0):
 garbage-first heap   total reserved 4114432K, committed 313344K, used 122295K [0x0000000704e00000, 0x0000000800000000)
  region size 2048K, 5 young (10240K), 5 survivors (10240K)
}
Event: 1099.217 {heap Before GC invocations=5 (full 0):
 garbage-first heap   total reserved 4114432K, committed 313344K, used 146871K [0x0000000704e00000, 0x0000000800000000)
  region size 2048K, 6 young (12288K), 5 survivors (10240K)
}
Event: 1099.238 {heap After GC invocations=6 (full 0):
 garbage-first heap   total reserved 4114432K, committed 313344K, used 146200K [0x0000000704e00000, 0x0000000800000000)
  region size 2048K, 4 young (8192K), 4 survivors (8192K)
}
Event: 1099.241 {heap Before GC invocations=6 (full 0):
 garbage-first heap   total reserved 4114432K, committed 313344K, used 150296K [0x0000000704e00000, 0x0000000800000000)
  region size 2048K, 5 young (10240K), 4 survivors (8192K)
}
Event: 1099.259 {heap After GC invocations=7 (full 0):
 garbage-first heap   total reserved 4114432K, committed 313344K, used 144170K [0x0000000704e00000, 0x0000000800000000)
  region size 2048K, 4 young (8192K), 4 survivors (8192K)
}
Event: 1103.143 {heap Before GC invocations=7 (full 0):
 garbage-first heap   total reserved 4114432K, committed 313344K, used 150314K [0x0000000704e00000, 0x0000000800000000)
  region size 2048K, 5 young (10240K), 4 survivors (8192K)
}
Event: 1103.149 {heap After GC invocations=8 (full 0):
 garbage-first heap   total reserved 4114432K, committed 313344K, used 143741K [0x0000000704e00000, 0x0000000800000000)
  region size 2048K, 4 young (8192K), 4 survivors (8192K)
}
Event: 1174.415 {heap Before GC invocations=8 (full 0):
 garbage-first heap   total reserved 4114432K, committed 313344K, used 153981K [0x0000000704e00000, 0x0000000800000000)
  region size 2048K, 6 young (12288K), 4 survivors (8192K)
}
Event: 1174.439 {heap After GC invocations=9 (full 0):
 garbage-first heap   total reserved 4114432K, committed 313344K, used 113342K [0x0000000704e00000, 0x0000000800000000)
  region size 2048K, 4 young (8192K), 4 survivors (8192K)
}

Metaspace Usage History (18 events):
Event: 0.678 {metaspace Before GC invocations=0 (full 0):
 Metaspace       used 9925K, committed 10176K, reserved 1114112K
  class space    used 895K, committed 1024K, reserved 1048576K
}
Event: 0.692 {metaspace After GC invocations=1 (full 0):
 Metaspace       used 9925K, committed 10176K, reserved 1114112K
  class space    used 895K, committed 1024K, reserved 1048576K
}
Event: 2.370 {metaspace Before GC invocations=1 (full 0):
 Metaspace       used 14839K, committed 15104K, reserved 1114112K
  class space    used 1328K, committed 1408K, reserved 1048576K
}
Event: 2.390 {metaspace After GC invocations=2 (full 0):
 Metaspace       used 14839K, committed 15104K, reserved 1114112K
  class space    used 1328K, committed 1408K, reserved 1048576K
}
Event: 2.673 {metaspace Before GC invocations=2 (full 0):
 Metaspace       used 15083K, committed 15296K, reserved 1114112K
  class space    used 1330K, committed 1408K, reserved 1048576K
}
Event: 2.677 {metaspace After GC invocations=3 (full 0):
 Metaspace       used 15083K, committed 15296K, reserved 1114112K
  class space    used 1330K, committed 1408K, reserved 1048576K
}
Event: 2.971 {metaspace Before GC invocations=3 (full 0):
 Metaspace       used 15171K, committed 15360K, reserved 1114112K
  class space    used 1330K, committed 1408K, reserved 1048576K
}
Event: 2.976 {metaspace After GC invocations=4 (full 0):
 Metaspace       used 15171K, committed 15360K, reserved 1114112K
  class space    used 1330K, committed 1408K, reserved 1048576K
}
Event: 1086.498 {metaspace Before GC invocations=4 (full 0):
 Metaspace       used 18851K, committed 19072K, reserved 1114112K
  class space    used 1650K, committed 1728K, reserved 1048576K
}
Event: 1086.518 {metaspace After GC invocations=5 (full 0):
 Metaspace       used 18851K, committed 19072K, reserved 1114112K
  class space    used 1650K, committed 1728K, reserved 1048576K
}
Event: 1099.217 {metaspace Before GC invocations=5 (full 0):
 Metaspace       used 18868K, committed 19072K, reserved 1114112K
  class space    used 1650K, committed 1728K, reserved 1048576K
}
Event: 1099.238 {metaspace After GC invocations=6 (full 0):
 Metaspace       used 18868K, committed 19072K, reserved 1114112K
  class space    used 1650K, committed 1728K, reserved 1048576K
}
Event: 1099.241 {metaspace Before GC invocations=6 (full 0):
 Metaspace       used 18868K, committed 19072K, reserved 1114112K
  class space    used 1650K, committed 1728K, reserved 1048576K
}
Event: 1099.259 {metaspace After GC invocations=7 (full 0):
 Metaspace       used 18868K, committed 19072K, reserved 1114112K
  class space    used 1650K, committed 1728K, reserved 1048576K
}
Event: 1103.143 {metaspace Before GC invocations=7 (full 0):
 Metaspace       used 18869K, committed 19072K, reserved 1114112K
  class space    used 1650K, committed 1728K, reserved 1048576K
}
Event: 1103.149 {metaspace After GC invocations=8 (full 0):
 Metaspace       used 18869K, committed 19072K, reserved 1114112K
  class space    used 1650K, committed 1728K, reserved 1048576K
}
Event: 1174.416 {metaspace Before GC invocations=8 (full 0):
 Metaspace       used 18879K, committed 19072K, reserved 1114112K
  class space    used 1650K, committed 1728K, reserved 1048576K
}
Event: 1174.439 {metaspace After GC invocations=9 (full 0):
 Metaspace       used 18879K, committed 19072K, reserved 1114112K
  class space    used 1650K, committed 1728K, reserved 1048576K
}

Dll operation events (11 events):
Event: 0.010 Loaded shared library C:\Program Files\Java\jdk-25\bin\java.dll
Event: 0.038 Loaded shared library C:\Program Files\Java\jdk-25\bin\net.dll
Event: 0.040 Loaded shared library C:\Program Files\Java\jdk-25\bin\nio.dll
Event: 0.058 Loaded shared library C:\Program Files\Java\jdk-25\bin\zip.dll
Event: 0.066 Loaded shared library C:\Program Files\Java\jdk-25\bin\jimage.dll
Event: 0.071 Loaded shared library C:\Program Files\Java\jdk-25\bin\awt.dll
Event: 0.280 Loaded shared library C:\Program Files\Java\jdk-25\bin\freetype.dll
Event: 0.282 Loaded shared library C:\Program Files\Java\jdk-25\bin\fontmanager.dll
Event: 0.326 Loaded shared library C:\Program Files\Java\jdk-25\bin\javajpeg.dll
Event: 0.690 Loaded shared library C:\Users\user\AppData\Local\Temp\sqlite-3.50.3.0-e50285d6-7373-43d4-a55a-483440bee22f-sqlitejdbc.dll
Event: 29.795 Loaded shared library C:\Users\user\AppData\Local\Temp\flatlaf.temp\flatlaf-windows-x86_64-3153960029394000.dll

Deoptimization events (20 events):
Event: 1103.155 Thread 0x0000022261027500 DEOPT PACKING pc=0x000002224d74cc98 sp=0x000000dd3d0fdf50
Event: 1103.155 Thread 0x0000022261027500 DEOPT UNPACKING pc=0x000002224cfff882 sp=0x000000dd3d0fde80 mode 2
Event: 1103.155 Thread 0x0000022261027500 Uncommon trap: trap_request=0xffffff45 fr.pc=0x000002224d74a124 relative=0x0000000000001e84
Event: 1103.155 Thread 0x0000022261027500 Uncommon trap: reason=unstable_if action=reinterpret pc=0x000002224d74a124 method=sun.java2d.pipe.GlyphListPipe.drawString(Lsun/java2d/SunGraphics2D;Ljava/lang/String;DD)V @ 44 c2
Event: 1103.155 Thread 0x0000022261027500 DEOPT PACKING pc=0x000002224d74a124 sp=0x000000dd3d0fdad0
Event: 1103.155 Thread 0x0000022261027500 DEOPT UNPACKING pc=0x000002224cfff882 sp=0x000000dd3d0fd998 mode 2
Event: 1103.161 Thread 0x0000022261027500 Uncommon trap: trap_request=0xffffff45 fr.pc=0x000002224d692e7c relative=0x000000000000085c
Event: 1103.161 Thread 0x0000022261027500 Uncommon trap: reason=unstable_if action=reinterpret pc=0x000002224d692e7c method=java.awt.geom.AffineTransform.setToScale(DD)V @ 33 c2
Event: 1103.161 Thread 0x0000022261027500 DEOPT PACKING pc=0x000002224d692e7c sp=0x000000dd3d0fceb0
Event: 1103.161 Thread 0x0000022261027500 DEOPT UNPACKING pc=0x000002224cfff882 sp=0x000000dd3d0fcc60 mode 2
Event: 1103.161 Thread 0x0000022261027500 Uncommon trap: trap_request=0xffffff45 fr.pc=0x000002224d765494 relative=0x0000000000002074
Event: 1103.161 Thread 0x0000022261027500 Uncommon trap: reason=unstable_if action=reinterpret pc=0x000002224d765494 method=sun.java2d.SunGraphics2D.translate(II)V @ 16 c2
Event: 1103.161 Thread 0x0000022261027500 DEOPT PACKING pc=0x000002224d765494 sp=0x000000dd3d0fd0e0
Event: 1103.161 Thread 0x0000022261027500 DEOPT UNPACKING pc=0x000002224cfff882 sp=0x000000dd3d0fcf70 mode 2
Event: 1103.161 Thread 0x0000022261027500 Uncommon trap: trap_request=0xffffff45 fr.pc=0x000002224d74f5bc relative=0x000000000000201c
Event: 1103.161 Thread 0x0000022261027500 Uncommon trap: reason=unstable_if action=reinterpret pc=0x000002224d74f5bc method=java.awt.geom.AffineTransform.setToScale(DD)V @ 33 c2
Event: 1103.161 Thread 0x0000022261027500 DEOPT PACKING pc=0x000002224d74f5bc sp=0x000000dd3d0fce10
Event: 1103.162 Thread 0x0000022261027500 DEOPT UNPACKING pc=0x000002224cfff882 sp=0x000000dd3d0fc960 mode 2
Event: 1110.475 Thread 0x0000022261027500 DEOPT PACKING pc=0x00000222463ed2de sp=0x000000dd3d0fdd40
Event: 1110.475 Thread 0x0000022261027500 DEOPT UNPACKING pc=0x000002224cf31702 sp=0x000000dd3d0fd210 mode 0

Classes loaded (20 events):
Event: 591.440 Loading class sun/awt/shell/Win32ShellFolderManager2
Event: 591.441 Loading class sun/awt/shell/ShellFolderManager
Event: 591.441 Loading class sun/awt/shell/ShellFolderManager done
Event: 591.441 Loading class sun/awt/shell/Win32ShellFolderManager2 done
Event: 591.441 Loading class sun/awt/shell/Win32ShellFolderManager2$ComInvoker
Event: 591.441 Loading class sun/awt/shell/ShellFolder$Invoker
Event: 591.441 Loading class sun/awt/shell/ShellFolder$Invoker done
Event: 591.441 Loading class sun/awt/shell/Win32ShellFolderManager2$ComInvoker done
Event: 591.442 Loading class sun/awt/shell/ShellFolder$3
Event: 591.442 Loading class sun/awt/shell/ShellFolder$3 done
Event: 591.442 Loading class sun/awt/shell/ShellFolder$4
Event: 591.442 Loading class sun/awt/shell/ShellFolder$4 done
Event: 591.442 Loading class sun/awt/shell/Win32ShellFolderManager2$ComInvoker$1
Event: 591.442 Loading class sun/awt/shell/Win32ShellFolderManager2$ComInvoker$1 done
Event: 1086.497 Loading class java/util/WeakHashMap$KeyIterator
Event: 1086.498 Loading class java/util/WeakHashMap$HashIterator
Event: 1086.498 Loading class java/util/WeakHashMap$HashIterator done
Event: 1086.498 Loading class java/util/WeakHashMap$KeyIterator done
Event: 1086.498 Loading class javax/swing/RepaintManager$DisplayChangedRunnable
Event: 1086.498 Loading class javax/swing/RepaintManager$DisplayChangedRunnable done

Classes unloaded (0 events):
No events

Classes redefined (0 events):
No events

Internal exceptions (20 events):
Event: 4.839 Thread 0x000002223ad410f0 Exception <a 'java/io/IOException'{0x0000000713bb8b18}> (0x0000000713bb8b18) 
thrown [s\open\src\hotspot\share\prims\jni.cpp, line 516]
Event: 4.839 Thread 0x000002223ad410f0 Exception <a 'java/io/IOException'{0x0000000713bb8e30}> (0x0000000713bb8e30) 
thrown [s\open\src\hotspot\share\prims\jni.cpp, line 516]
Event: 4.839 Thread 0x000002223ad410f0 Exception <a 'java/io/IOException'{0x0000000713bb9360}> (0x0000000713bb9360) 
thrown [s\open\src\hotspot\share\prims\jni.cpp, line 516]
Event: 4.839 Thread 0x000002223ad410f0 Exception <a 'java/io/IOException'{0x0000000713bb9678}> (0x0000000713bb9678) 
thrown [s\open\src\hotspot\share\prims\jni.cpp, line 516]
Event: 4.839 Thread 0x000002223ad410f0 Exception <a 'java/io/IOException'{0x0000000713bb9bb8}> (0x0000000713bb9bb8) 
thrown [s\open\src\hotspot\share\prims\jni.cpp, line 516]
Event: 4.839 Thread 0x000002223ad410f0 Exception <a 'java/io/IOException'{0x0000000713bb9ed0}> (0x0000000713bb9ed0) 
thrown [s\open\src\hotspot\share\prims\jni.cpp, line 516]
Event: 4.839 Thread 0x000002223ad410f0 Exception <a 'java/io/IOException'{0x0000000713bba410}> (0x0000000713bba410) 
thrown [s\open\src\hotspot\share\prims\jni.cpp, line 516]
Event: 4.839 Thread 0x000002223ad410f0 Exception <a 'java/io/IOException'{0x0000000713bba728}> (0x0000000713bba728) 
thrown [s\open\src\hotspot\share\prims\jni.cpp, line 516]
Event: 4.839 Thread 0x000002223ad410f0 Exception <a 'java/io/IOException'{0x0000000713bbac58}> (0x0000000713bbac58) 
thrown [s\open\src\hotspot\share\prims\jni.cpp, line 516]
Event: 4.839 Thread 0x000002223ad410f0 Exception <a 'java/io/IOException'{0x0000000713bbaf70}> (0x0000000713bbaf70) 
thrown [s\open\src\hotspot\share\prims\jni.cpp, line 516]
Event: 4.839 Thread 0x000002223ad410f0 Exception <a 'java/io/IOException'{0x0000000713bbb430}> (0x0000000713bbb430) 
thrown [s\open\src\hotspot\share\prims\jni.cpp, line 516]
Event: 4.839 Thread 0x000002223ad410f0 Exception <a 'java/io/IOException'{0x0000000713bbb748}> (0x0000000713bbb748) 
thrown [s\open\src\hotspot\share\prims\jni.cpp, line 516]
Event: 4.839 Thread 0x000002223ad410f0 Exception <a 'java/io/IOException'{0x0000000713bbbc08}> (0x0000000713bbbc08) 
thrown [s\open\src\hotspot\share\prims\jni.cpp, line 516]
Event: 4.839 Thread 0x000002223ad410f0 Exception <a 'java/io/IOException'{0x0000000713bbbf20}> (0x0000000713bbbf20) 
thrown [s\open\src\hotspot\share\prims\jni.cpp, line 516]
Event: 26.086 Thread 0x0000022261027500 Exception <a 'java/lang/NoSuchMethodError'{0x0000000712ce1be8}: 'int java.lang.invoke.DelegatingMethodHandle$Holder.reinvoke_L(java.lang.Object, java.lang.Object, java.lang.Object, long)'> (0x0000000712ce1be8) 
thrown [s\open\src\hotspot\share\interpreter\linkResolver.cpp, line 804]
Event: 159.385 Thread 0x0000022261027500 Implicit null exception at 0x000002224d6f9c0f to 0x000002224d6fa188
Event: 180.749 Thread 0x0000022261027500 Exception <a 'java/lang/NoSuchMethodError'{0x0000000711a6cda8}: 'long java.lang.invoke.DirectMethodHandle$Holder.invokeSpecial(java.lang.Object, java.lang.Object)'> (0x0000000711a6cda8) 
thrown [s\open\src\hotspot\share\interpreter\linkResolver.cpp, line 804]
Event: 180.750 Thread 0x0000022261027500 Exception <a 'java/lang/NoSuchMethodError'{0x0000000711a74f48}: 'long java.lang.invoke.Invokers$Holder.invokeExact_MT(java.lang.Object, java.lang.Object)'> (0x0000000711a74f48) 
thrown [s\open\src\hotspot\share\interpreter\linkResolver.cpp, line 804]
Event: 180.782 Thread 0x0000022261027500 Implicit null exception at 0x000002224d6f1aef to 0x000002224d6f41ec
Event: 1093.298 Thread 0x0000022261027500 Implicit null exception at 0x000002224d567782 to 0x000002224d567a4d

VM Operations (20 events):
Event: 781.259 Executing non-safepoint VM operation: RendezvousGCThreads
Event: 781.259 Executing non-safepoint VM operation: RendezvousGCThreads done
Event: 1086.498 Executing safepoint VM operation: G1TryInitiateConcMark (G1 Humongous Allocation)
Event: 1086.518 Executing safepoint VM operation: G1TryInitiateConcMark (G1 Humongous Allocation) done
Event: 1099.217 Executing safepoint VM operation: G1TryInitiateConcMark (G1 Humongous Allocation)
Event: 1099.238 Executing safepoint VM operation: G1TryInitiateConcMark (G1 Humongous Allocation) done
Event: 1099.241 Executing safepoint VM operation: G1TryInitiateConcMark (G1 Humongous Allocation)
Event: 1099.260 Executing safepoint VM operation: G1TryInitiateConcMark (G1 Humongous Allocation) done
Event: 1103.143 Executing safepoint VM operation: G1TryInitiateConcMark (G1 Humongous Allocation)
Event: 1103.149 Executing safepoint VM operation: G1TryInitiateConcMark (G1 Humongous Allocation) done
Event: 1142.183 Executing non-safepoint VM operation: HandshakeAllThreads (HandshakeForDeflation)
Event: 1142.183 Executing non-safepoint VM operation: HandshakeAllThreads (HandshakeForDeflation) done
Event: 1142.184 Executing non-safepoint VM operation: RendezvousGCThreads
Event: 1142.184 Executing non-safepoint VM operation: RendezvousGCThreads done
Event: 1174.415 Executing safepoint VM operation: G1TryInitiateConcMark (G1 Humongous Allocation)
Event: 1174.439 Executing safepoint VM operation: G1TryInitiateConcMark (G1 Humongous Allocation) done
Event: 1202.421 Executing non-safepoint VM operation: HandshakeAllThreads (HandshakeForDeflation)
Event: 1202.421 Executing non-safepoint VM operation: HandshakeAllThreads (HandshakeForDeflation) done
Event: 1202.421 Executing non-safepoint VM operation: RendezvousGCThreads
Event: 1202.421 Executing non-safepoint VM operation: RendezvousGCThreads done

Memory protections (0 events):
No events

Nmethod flushes (0 events):
No events

Events (20 events):
Event: 2.090 Thread 0x000002225c8ed520 Thread added: 0x0000022261667de0
Event: 3.278 Thread 0x0000022261667de0 Thread exited: 0x0000022261667de0
Event: 3.372 Thread 0x0000022261664d80 Thread exited: 0x0000022261664d80
Event: 4.839 Thread 0x000002223ad410f0 Thread exited: 0x000002223ad410f0
Event: 4.840 Thread 0x0000022262e124f0 Thread added: 0x0000022262e124f0
Event: 6.322 Thread 0x00000222627409a0 Thread exited: 0x00000222627409a0
Event: 6.324 Thread 0x0000022262590470 Thread exited: 0x0000022262590470
Event: 6.328 Thread 0x00000222627428e0 Thread exited: 0x00000222627428e0
Event: 6.343 Thread 0x00000222614cd490 Thread exited: 0x00000222614cd490
Event: 18.059 Thread 0x000002225c8ed520 Thread added: 0x00000222648c97a0
Event: 18.272 Thread 0x00000222648c97a0 Thread exited: 0x00000222648c97a0
Event: 19.621 Thread 0x000002225c8ed520 Thread added: 0x00000222648c8780
Event: 20.322 Thread 0x00000222648c8780 Thread exited: 0x00000222648c8780
Event: 26.089 Thread 0x000002225c8ed520 Thread added: 0x00000222648c8f90
Event: 26.492 Thread 0x00000222648c8f90 Thread exited: 0x00000222648c8f90
Event: 85.562 Thread 0x000002225c8c89e0 Thread added: 0x00000222648cafd0
Event: 86.298 Thread 0x00000222648cafd0 Thread exited: 0x00000222648cafd0
Event: 97.826 Thread 0x000002225c8ed520 Thread added: 0x00000222648c8780
Event: 98.493 Thread 0x00000222648c8780 Thread exited: 0x00000222648c8780
Event: 591.442 Thread 0x0000022261027500 Thread added: 0x0000022262e12cc0


Dynamic libraries:
0x00007ff6856f0000 - 0x00007ff685700000 	C:\Program Files\Java\jdk-25\bin\javaw.exe
0x00007ffb517a0000 - 0x00007ffb51a08000 	C:\WINDOWS\SYSTEM32\ntdll.dll
0x00007ffb50eb0000 - 0x00007ffb50f79000 	C:\WINDOWS\System32\KERNEL32.DLL
0x00007ffb4ebc0000 - 0x00007ffb4efb2000 	C:\WINDOWS\System32\KERNELBASE.dll
0x00007ffb4ea70000 - 0x00007ffb4ebbb000 	C:\WINDOWS\System32\ucrtbase.dll
0x00007ffb48960000 - 0x00007ffb4897e000 	C:\Program Files\Java\jdk-25\bin\VCRUNTIME140.dll
0x00007ffb4b380000 - 0x00007ffb4b397000 	C:\Program Files\Java\jdk-25\bin\jli.dll
0x00007ffb514e0000 - 0x00007ffb516a5000 	C:\WINDOWS\System32\USER32.dll
0x00007ffb4f3c0000 - 0x00007ffb4f3e7000 	C:\WINDOWS\System32\win32u.dll
0x00007ffb4f810000 - 0x00007ffb4f83b000 	C:\WINDOWS\System32\GDI32.dll
0x00007ffb31670000 - 0x00007ffb31903000 	C:\WINDOWS\WinSxS\amd64_microsoft.windows.common-controls_6595b64144ccf1df_6.0.26100.6899_none_3e0efeeae32e88c1\COMCTL32.dll
0x00007ffb4efc0000 - 0x00007ffb4f0ed000 	C:\WINDOWS\System32\gdi32full.dll
0x00007ffb516b0000 - 0x00007ffb51759000 	C:\WINDOWS\System32\msvcrt.dll
0x00007ffb4e9c0000 - 0x00007ffb4ea63000 	C:\WINDOWS\System32\msvcp_win.dll
0x00007ffb50e70000 - 0x00007ffb50e9f000 	C:\WINDOWS\System32\IMM32.DLL
0x00007ffb4b370000 - 0x00007ffb4b37c000 	C:\Program Files\Java\jdk-25\bin\vcruntime140_1.dll
0x00007ffb17ea0000 - 0x00007ffb17f2d000 	C:\Program Files\Java\jdk-25\bin\msvcp140.dll
0x00007ffaa3f60000 - 0x00007ffaa4dbf000 	C:\Program Files\Java\jdk-25\bin\server\jvm.dll
0x00007ffb4f570000 - 0x00007ffb4f624000 	C:\WINDOWS\System32\ADVAPI32.dll
0x00007ffb4f740000 - 0x00007ffb4f7e6000 	C:\WINDOWS\System32\sechost.dll
0x00007ffb50540000 - 0x00007ffb50658000 	C:\WINDOWS\System32\RPCRT4.dll
0x00007ffb510e0000 - 0x00007ffb51154000 	C:\WINDOWS\System32\WS2_32.dll
0x00007ffb4e790000 - 0x00007ffb4e7ee000 	C:\WINDOWS\SYSTEM32\POWRPROF.dll
0x00007ffb44610000 - 0x00007ffb44645000 	C:\WINDOWS\SYSTEM32\WINMM.dll
0x00007ffb304b0000 - 0x00007ffb304bb000 	C:\WINDOWS\SYSTEM32\VERSION.dll
0x00007ffb4e770000 - 0x00007ffb4e784000 	C:\WINDOWS\SYSTEM32\UMPDC.dll
0x00007ffb4d620000 - 0x00007ffb4d63b000 	C:\WINDOWS\SYSTEM32\kernel.appcore.dll
0x00007ffb4ae40000 - 0x00007ffb4ae4a000 	C:\Program Files\Java\jdk-25\bin\jimage.dll
0x00007ffb4bbc0000 - 0x00007ffb4be02000 	C:\WINDOWS\SYSTEM32\DBGHELP.DLL
0x00007ffb51160000 - 0x00007ffb514db000 	C:\WINDOWS\System32\combase.dll
0x00007ffb50350000 - 0x00007ffb50427000 	C:\WINDOWS\System32\OLEAUT32.dll
0x00007ffb19670000 - 0x00007ffb196ac000 	C:\WINDOWS\SYSTEM32\dbgcore.DLL
0x00007ffb4f0f0000 - 0x00007ffb4f188000 	C:\WINDOWS\System32\bcryptPrimitives.dll
0x00007ffb44650000 - 0x00007ffb4466f000 	C:\Program Files\Java\jdk-25\bin\java.dll
0x00007ffb4fa20000 - 0x00007ffb4fbb8000 	C:\WINDOWS\System32\ole32.dll
0x00007ffb50720000 - 0x00007ffb50e6d000 	C:\WINDOWS\System32\SHELL32.dll
0x00007ffb4f190000 - 0x00007ffb4f2fb000 	C:\WINDOWS\System32\wintypes.dll
0x00007ffb4c540000 - 0x00007ffb4cd9d000 	C:\WINDOWS\SYSTEM32\windows.storage.dll
0x00007ffb50430000 - 0x00007ffb50522000 	C:\WINDOWS\System32\SHCORE.dll
0x00007ffb51060000 - 0x00007ffb510c2000 	C:\WINDOWS\System32\shlwapi.dll
0x00007ffb4e850000 - 0x00007ffb4e879000 	C:\WINDOWS\SYSTEM32\profapi.dll
0x00007ffb445c0000 - 0x00007ffb445d2000 	C:\Program Files\Java\jdk-25\bin\net.dll
0x00007ffb4dc10000 - 0x00007ffb4dc7b000 	C:\WINDOWS\system32\mswsock.dll
0x00007ffb443b0000 - 0x00007ffb443c6000 	C:\Program Files\Java\jdk-25\bin\nio.dll
0x00007ffb43580000 - 0x00007ffb43597000 	C:\Program Files\Java\jdk-25\bin\zip.dll
0x00007ffb02010000 - 0x00007ffb02194000 	C:\Program Files\Java\jdk-25\bin\awt.dll
0x00007ffb488a0000 - 0x00007ffb4893f000 	C:\WINDOWS\SYSTEM32\apphelp.dll
0x00007ffb4b590000 - 0x00007ffb4b63a000 	C:\WINDOWS\system32\uxtheme.dll
0x00007ffb4fc50000 - 0x00007ffb4fdab000 	C:\WINDOWS\System32\MSCTF.dll
0x00007ffb4ba90000 - 0x00007ffb4babd000 	C:\WINDOWS\system32\DWMAPI.DLL
0x00007ffae9ab0000 - 0x00007ffae9bbc000 	C:\WINDOWS\system32\opengl32.dll
0x00007ffb09c70000 - 0x00007ffb09c9d000 	C:\WINDOWS\SYSTEM32\GLU32.dll
0x00007ffb4b8e0000 - 0x00007ffb4b924000 	C:\WINDOWS\SYSTEM32\dxcore.dll
0x00007ffb17ab0000 - 0x00007ffb17b37000 	C:\Program Files\Java\jdk-25\bin\freetype.dll
0x00007ffb14e70000 - 0x00007ffb14f5e000 	C:\Program Files\Java\jdk-25\bin\fontmanager.dll
0x00007ffb40660000 - 0x00007ffb40690000 	C:\Program Files\Java\jdk-25\bin\javajpeg.dll
0x00007ffb4dff0000 - 0x00007ffb4e00b000 	C:\WINDOWS\SYSTEM32\CRYPTSP.dll
0x00007ffb4d640000 - 0x00007ffb4d67b000 	C:\WINDOWS\system32\rsaenh.dll
0x00007ffb4dcb0000 - 0x00007ffb4dcdb000 	C:\WINDOWS\SYSTEM32\USERENV.dll
0x00007ffb4e820000 - 0x00007ffb4e846000 	C:\WINDOWS\SYSTEM32\bcrypt.dll
0x00007ffb4f3f0000 - 0x00007ffb4f567000 	C:\WINDOWS\System32\CRYPT32.dll
0x00007ffb4e530000 - 0x00007ffb4e53a000 	C:\WINDOWS\SYSTEM32\DPAPI.dll
0x00007ffb4de50000 - 0x00007ffb4de5c000 	C:\WINDOWS\SYSTEM32\CRYPTBASE.dll
0x00007ffb4d210000 - 0x00007ffb4d244000 	C:\WINDOWS\SYSTEM32\IPHLPAPI.DLL
0x00007ffb510d0000 - 0x00007ffb510da000 	C:\WINDOWS\System32\NSI.dll
0x00007ffb18e60000 - 0x00007ffb18f5b000 	C:\Users\user\AppData\Local\Temp\sqlite-3.50.3.0-e50285d6-7373-43d4-a55a-483440bee22f-sqlitejdbc.dll
0x00007ffb31960000 - 0x00007ffb31aaa000 	C:\WINDOWS\SYSTEM32\textinputframework.dll
0x00007ffb485e0000 - 0x00007ffb48705000 	C:\WINDOWS\SYSTEM32\CoreMessaging.dll
0x00007ffb44fc0000 - 0x00007ffb452a3000 	C:\WINDOWS\SYSTEM32\CoreUIComponents.dll
0x00007ffb50660000 - 0x00007ffb50711000 	C:\WINDOWS\System32\clbcatq.dll
0x00007ffb47210000 - 0x00007ffb47440000 	C:\WINDOWS\SYSTEM32\WindowsCodecs.dll
0x00007ffb3d490000 - 0x00007ffb3d4ea000 	C:\WINDOWS\system32\dataexchange.dll
0x00007ffb3b1c0000 - 0x00007ffb3b405000 	C:\WINDOWS\system32\twinapi.appcore.dll
0x00007ffb4c180000 - 0x00007ffb4c186000 	C:\Users\user\AppData\Local\Temp\flatlaf.temp\flatlaf-windows-x86_64-3153960029394000.dll
0x00007ffb4c170000 - 0x00007ffb4c177000 	C:\Program Files\Java\jdk-25\bin\jawt.dll
0x00007ffb48d30000 - 0x00007ffb48d5a000 	C:\WINDOWS\system32\Wtsapi32.dll
0x00007ffb4d960000 - 0x00007ffb4d9a9000 	C:\WINDOWS\SYSTEM32\SspiCli.dll
0x00007ffb4e540000 - 0x00007ffb4e5a3000 	C:\WINDOWS\SYSTEM32\WINSTA.dll
0x00007ffb48d70000 - 0x00007ffb48e74000 	C:\WINDOWS\SYSTEM32\PROPSYS.dll
0x00007ffb32c00000 - 0x00007ffb32de0000 	C:\WINDOWS\SYSTEM32\urlmon.dll
0x00007ffb32930000 - 0x00007ffb32bf5000 	C:\WINDOWS\SYSTEM32\iertutil.dll
0x00007ffb32850000 - 0x00007ffb32879000 	C:\WINDOWS\SYSTEM32\srvcli.dll
0x00007ffb4cf10000 - 0x00007ffb4cf1d000 	C:\WINDOWS\SYSTEM32\netutils.dll
0x00007ffb43870000 - 0x00007ffb4388f000 	C:\Windows\System32\Windows.Shell.ServiceHostBuilder.dll
0x00007ffb3aa60000 - 0x00007ffb3b0ae000 	C:\Windows\System32\OneCoreUAPCommonProxyStub.dll
0x00007ffb19f30000 - 0x00007ffb1a0ab000 	C:\Windows\System32\Windows.System.Launcher.dll
0x00007ffb39d30000 - 0x00007ffb39d4a000 	C:\WINDOWS\SYSTEM32\windows.staterepositorycore.dll
0x00007ffb3b7e0000 - 0x00007ffb3b827000 	C:\WINDOWS\SYSTEM32\msIso.dll
0x00007ffb48d20000 - 0x00007ffb48d2d000 	C:\WINDOWS\SYSTEM32\Secur32.dll
0x00007ffb00ea0000 - 0x00007ffb00ee4000 	C:\WINDOWS\SYSTEM32\MLANG.dll
0x00007ffb300a0000 - 0x00007ffb30329000 	C:\WINDOWS\SYSTEM32\WININET.dll
0x00007ffb1a220000 - 0x00007ffb1a2e4000 	C:\Windows\System32\Windows.StateRepositoryPS.dll
0x00007ffb24920000 - 0x00007ffb24967000 	C:\WINDOWS\SYSTEM32\windows.staterepositoryclient.dll
0x00007ffb37cc0000 - 0x00007ffb37dd8000 	C:\WINDOWS\SYSTEM32\mrmcorer.dll
0x00007ffb39770000 - 0x00007ffb397a4000 	C:\WINDOWS\SYSTEM32\bcp47mrm.dll
0x00007ffb365a0000 - 0x00007ffb366f0000 	C:\Windows\System32\Windows.UI.dll
0x00007ffb19310000 - 0x00007ffb19339000 	C:\WINDOWS\SYSTEM32\edputil.dll
0x00007ffb4e4b0000 - 0x00007ffb4e507000 	C:\WINDOWS\SYSTEM32\CFGMGR32.dll

JVMTI agents: none

dbghelp: loaded successfully - version: 4.0.5 - missing functions: none
symbol engine: initialized successfully - sym options: 0x614 - pdb path: .;C:\Program Files\Java\jdk-25\bin;C:\WINDOWS\SYSTEM32;C:\WINDOWS\WinSxS\amd64_microsoft.windows.common-controls_6595b64144ccf1df_6.0.26100.6899_none_3e0efeeae32e88c1;C:\Program Files\Java\jdk-25\bin\server;C:\Users\user\AppData\Local\Temp;C:\Users\user\AppData\Local\Temp\flatlaf.temp

VM Arguments:
java_command: C:\Users\user\Desktop\auto_javarturs\auto_javarturs.jar
java_class_path (initial): C:\Users\user\Desktop\auto_javarturs\auto_javarturs.jar
Launcher Type: SUN_STANDARD

[Global flags]
     intx CICompilerCount                          = 4                                         {product} {ergonomic}
     uint ConcGCThreads                            = 3                                         {product} {ergonomic}
     uint G1ConcRefinementThreads                  = 10                                        {product} {ergonomic}
   size_t G1HeapRegionSize                         = 2097152                                   {product} {ergonomic}
   size_t InitialHeapSize                          = 264241152                                 {product} {ergonomic}
   size_t MarkStackSize                            = 4194304                                   {product} {ergonomic}
   size_t MarkStackSizeMax                         = 536870912                                 {product} {ergonomic}
   size_t MaxHeapSize                              = 4213178368                                {product} {ergonomic}
   size_t MaxNewSize                               = 2527068160                                {product} {ergonomic}
   size_t MinHeapDeltaBytes                        = 2097152                                   {product} {ergonomic}
   size_t MinHeapSize                              = 8388608                                   {product} {ergonomic}
    uintx NonNMethodCodeHeapSize                   = 5832704                                {pd product} {ergonomic}
    uintx NonProfiledCodeHeapSize                  = 122945536                              {pd product} {ergonomic}
    uintx ProfiledCodeHeapSize                     = 122880000                              {pd product} {ergonomic}
    uintx ReservedCodeCacheSize                    = 251658240                              {pd product} {ergonomic}
     bool SegmentedCodeCache                       = true                                      {product} {ergonomic}
   size_t SoftMaxHeapSize                          = 4213178368                             {manageable} {ergonomic}
     bool UseCompressedOops                        = true                           {product lp64_product} {ergonomic}
     bool UseG1GC                                  = true                                      {product} {ergonomic}
     bool UseLargePagesIndividualAllocation        = false                                  {pd product} {ergonomic}

Logging:
Log output configuration:
 #0: stdout all=warning uptime,level,tags foldmultilines=false
 #1: stderr all=off uptime,level,tags foldmultilines=false

Release file:
IMPLEMENTOR="Oracle Corporation" 
JAVA_RUNTIME_VERSION="25.0.1+8-LTS-27" 
JAVA_VERSION="25.0.1" 
JAVA_VERSION_DATE="2025-10-21" 
LIBC="default" 
MODULES="java.base java.compiler java.datatransfer java.xml java.prefs java.desktop java.instrument java.logging java.management java.security.sasl java.naming java.rmi java.management.rmi java.net.http java.scripting java.security.jgss java.transaction.xa java.sql java.sql.rowset java.xml.crypto java.se java.smartcardio jdk.accessibility jdk.internal.jvmstat jdk.attach jdk.charsets jdk.internal.opt jdk.zipfs jdk.compiler jdk.crypto.cryptoki jdk.crypto.ec jdk.crypto.mscapi jdk.dynalink jdk.internal.ed jdk.editpad jdk.internal.vm.ci jdk.graal.compiler jdk.graal.compiler.management jdk.hotspot.agent jdk.httpserver jdk.incubator.vector jdk.internal.le jdk.internal.md jdk.jartool jdk.javadoc jdk.jcmd jdk.management jdk.management.agent jdk.jconsole jdk.jdeps jdk.jdwp.agent jdk.jdi jdk.jfr jdk.jlink jdk.jpackage jdk.jshell jdk.jsobject jdk.jstatd jdk.localedata jdk.management.jfr jdk.naming.dns jdk.naming.rmi jdk.net jdk.nio.mapmode jdk.sctp jdk.security.auth jdk.security.jgss jdk.unsupported jdk.unsupported.desktop jdk.xml.dom" 
OS_ARCH="x86_64" 
OS_NAME="Windows" 
SOURCE=".:git:862c85bc42b7 open:git:78770bfaefd2" 

Environment Variables:
PATH=C:\Program Files\Common Files\Oracle\Java\javapath;C:\WINDOWS\system32;C:\WINDOWS;C:\WINDOWS\System32\Wbem;C:\WINDOWS\System32\WindowsPowerShell\v1.0\;C:\WINDOWS\System32\OpenSSH\;C:\Program Files\dotnet\;C:\Program Files\Git\cmd;C:\Program Files\Docker\Docker\resources\bin;C:\Users\user\AppData\Local\Programs\Python\Python312\Scripts\;C:\Users\user\AppData\Local\Programs\Python\Python312\;C:\Users\user\AppData\Local\Programs\Python\Launcher\;C:\Users\user\AppData\Local\Microsoft\WindowsApps;C:\Users\user\AppData\Local\Programs\Microsoft VS Code\bin
USERNAME=user
OS=Windows_NT
PROCESSOR_IDENTIFIER=Intel64 Family 6 Model 154 Stepping 4, GenuineIntel
TMP=C:\Users\user\AppData\Local\Temp
TEMP=C:\Users\user\AppData\Local\Temp




Compilation memory statistics disabled.

Periodic native trim disabled

---------------  S Y S T E M  ---------------

OS:
 Windows 11 , 64 bit Build 26100 (10.0.26100.6725)
OS uptime: 3 days 16:03 hours
Hyper-V role detected

CPU: total 12 (initial active 12) (6 cores per cpu, 2 threads per core) family 6 model 154 stepping 4 microcode 0x437, cx8, cmov, fxsr, ht, mmx, 3dnowpref, sse, sse2, sse3, ssse3, sse4.1, sse4.2, popcnt, lzcnt, tsc, tscinvbit, avx, avx2, aes, erms, clmul, bmi1, bmi2, adx, sha, fma, vzeroupper, clflush, clflushopt, clwb, hv, serialize, rdtscp, rdpid, fsrm, gfni, f16c, cet_ibt, cet_ss
Processor Information for processor 0
  Max Mhz: 1700, Current Mhz: 1700, Mhz Limit: 1700
Processor Information for processor 1
  Max Mhz: 1700, Current Mhz: 1457, Mhz Limit: 1700
Processor Information for processor 2
  Max Mhz: 1700, Current Mhz: 1700, Mhz Limit: 1700
Processor Information for processor 3
  Max Mhz: 1700, Current Mhz: 1700, Mhz Limit: 1700
Processor Information for processor 4
  Max Mhz: 1700, Current Mhz: 1700, Mhz Limit: 1700
Processor Information for processor 5
  Max Mhz: 1700, Current Mhz: 1700, Mhz Limit: 1700
Processor Information for processor 6
  Max Mhz: 1700, Current Mhz: 1558, Mhz Limit: 1700
Processor Information for processor 7
  Max Mhz: 1700, Current Mhz: 1558, Mhz Limit: 1700
Processor Information for processor 8
  Max Mhz: 1700, Current Mhz: 1700, Mhz Limit: 1700
Processor Information for processor 9
  Max Mhz: 1700, Current Mhz: 1558, Mhz Limit: 1700
Processor Information for processor 10
  Max Mhz: 1700, Current Mhz: 1700, Mhz Limit: 1700
Processor Information for processor 11
  Max Mhz: 1700, Current Mhz: 1700, Mhz Limit: 1700

Memory: 4k page, system-wide physical 16068M (4771M free)
TotalPageFile size 19012M (AvailPageFile size 4617M)
current process WorkingSet (physical memory assigned to process): 377M, peak: 377M
current process commit charge ("private bytes"): 456M, peak: 467M

vm_info: Java HotSpot(TM) 64-Bit Server VM (25.0.1+8-LTS-27) for windows-amd64 JRE (25.0.1+8-LTS-27), built on 2025-09-25T16:41:16Z with unknown MS VC++:1943

END.
